Extracting support files...
10:22:43 **** Build of configuration Debug for project Perifericos ****
make -j8 all 
'Building file: ../synergy/ssp/src/driver/r_ioport/r_ioport.c'
'Building file: ../synergy/ssp/src/driver/r_gpt/r_gpt.c'
'Invoking: Cross ARM C Compiler'
C:\Renesas\Synergy\e2studio_v6.2.0_ssp_v1.4.0\eclipse\/../\Utilities\\/isdebuild arm-none-eabi-gcc -mcpu=cortex-m4 -mthumb -mfloat-abi=hard -mfpu=fpv4-sp-d16 -O2 -fmessage-length=0 -fsigned-char -ffunction-sections -fdata-sections -Wunused -Wuninitialized -Wall -Wextra -Wmissing-declarations -Wconversion -Wpointer-arith -Wshadow -Wlogical-op -Waggregate-return -Wfloat-equal  -g3 -D_RENESAS_SYNERGY_ -I"C:\Users\rmend\Desktop\Diplomado SW\4.2 Perifericos\Perifericos\src" -I"C:\Users\rmend\Desktop\Diplomado SW\4.2 Perifericos\Perifericos\src\synergy_gen" -I"C:\Users\rmend\Desktop\Diplomado SW\4.2 Perifericos\Perifericos\synergy_cfg\ssp_cfg\bsp" -I"C:\Users\rmend\Desktop\Diplomado SW\4.2 Perifericos\Perifericos\synergy_cfg\ssp_cfg\driver" -I"C:\Users\rmend\Desktop\Diplomado SW\4.2 Perifericos\Perifericos\synergy\ssp\inc" -I"C:\Users\rmend\Desktop\Diplomado SW\4.2 Perifericos\Perifericos\synergy\ssp\inc\bsp" -I"C:\Users\rmend\Desktop\Diplomado SW\4.2 Perifericos\Perifericos\synergy\ssp\inc\bsp\cmsis\Include" -I"C:\Users\rmend\Desktop\Diplomado SW\4.2 Perifericos\Perifericos\synergy\ssp\inc\driver\api" -I"C:\Users\rmend\Desktop\Diplomado SW\4.2 Perifericos\Perifericos\synergy\ssp\inc\driver\instances" -std=c99 -MMD -MP -MF"synergy/ssp/src/driver/r_ioport/r_ioport.d" -MT"synergy/ssp/src/driver/r_ioport/r_ioport.o" -c -o "synergy/ssp/src/driver/r_ioport/r_ioport.o" -x c "../synergy/ssp/src/driver/r_ioport/r_ioport.c"
'Invoking: Cross ARM C Compiler'
C:\Renesas\Synergy\e2studio_v6.2.0_ssp_v1.4.0\eclipse\/../\Utilities\\/isdebuild arm-none-eabi-gcc -mcpu=cortex-m4 -mthumb -mfloat-abi=hard -mfpu=fpv4-sp-d16 -O2 -fmessage-length=0 -fsigned-char -ffunction-sections -fdata-sections -Wunused -Wuninitialized -Wall -Wextra -Wmissing-declarations -Wconversion -Wpointer-arith -Wshadow -Wlogical-op -Waggregate-return -Wfloat-equal  -g3 -D_RENESAS_SYNERGY_ -I"C:\Users\rmend\Desktop\Diplomado SW\4.2 Perifericos\Perifericos\src" -I"C:\Users\rmend\Desktop\Diplomado SW\4.2 Perifericos\Perifericos\src\synergy_gen" -I"C:\Users\rmend\Desktop\Diplomado SW\4.2 Perifericos\Perifericos\synergy_cfg\ssp_cfg\bsp" -I"C:\Users\rmend\Desktop\Diplomado SW\4.2 Perifericos\Perifericos\synergy_cfg\ssp_cfg\driver" -I"C:\Users\rmend\Desktop\Diplomado SW\4.2 Perifericos\Perifericos\synergy\ssp\inc" -I"C:\Users\rmend\Desktop\Diplomado SW\4.2 Perifericos\Perifericos\synergy\ssp\inc\bsp" -I"C:\Users\rmend\Desktop\Diplomado SW\4.2 Perifericos\Perifericos\synergy\ssp\inc\bsp\cmsis\Include" -I"C:\Users\rmend\Desktop\Diplomado SW\4.2 Perifericos\Perifericos\synergy\ssp\inc\driver\api" -I"C:\Users\rmend\Desktop\Diplomado SW\4.2 Perifericos\Perifericos\synergy\ssp\inc\driver\instances" -std=c99 -MMD -MP -MF"synergy/ssp/src/driver/r_gpt/r_gpt.d" -MT"synergy/ssp/src/driver/r_gpt/r_gpt.o" -c -o "synergy/ssp/src/driver/r_gpt/r_gpt.o" -x c "../synergy/ssp/src/driver/r_gpt/r_gpt.c"
'Building file: ../synergy/ssp/src/driver/r_fmi/r_fmi.c'
'Building file: ../synergy/ssp/src/driver/r_elc/r_elc.c'
'Invoking: Cross ARM C Compiler'
C:\Renesas\Synergy\e2studio_v6.2.0_ssp_v1.4.0\eclipse\/../\Utilities\\/isdebuild arm-none-eabi-gcc -mcpu=cortex-m4 -mthumb -mfloat-abi=hard -mfpu=fpv4-sp-d16 -O2 -fmessage-length=0 -fsigned-char -ffunction-sections -fdata-sections -Wunused -Wuninitialized -Wall -Wextra -Wmissing-declarations -Wconversion -Wpointer-arith -Wshadow -Wlogical-op -Waggregate-return -Wfloat-equal  -g3 -D_RENESAS_SYNERGY_ -I"C:\Users\rmend\Desktop\Diplomado SW\4.2 Perifericos\Perifericos\src" -I"C:\Users\rmend\Desktop\Diplomado SW\4.2 Perifericos\Perifericos\src\synergy_gen" -I"C:\Users\rmend\Desktop\Diplomado SW\4.2 Perifericos\Perifericos\synergy_cfg\ssp_cfg\bsp" -I"C:\Users\rmend\Desktop\Diplomado SW\4.2 Perifericos\Perifericos\synergy_cfg\ssp_cfg\driver" -I"C:\Users\rmend\Desktop\Diplomado SW\4.2 Perifericos\Perifericos\synergy\ssp\inc" -I"C:\Users\rmend\Desktop\Diplomado SW\4.2 Perifericos\Perifericos\synergy\ssp\inc\bsp" -I"C:\Users\rmend\Desktop\Diplomado SW\4.2 Perifericos\Perifericos\synergy\ssp\inc\bsp\cmsis\Include" -I"C:\Users\rmend\Desktop\Diplomado SW\4.2 Perifericos\Perifericos\synergy\ssp\inc\driver\api" -I"C:\Users\rmend\Desktop\Diplomado SW\4.2 Perifericos\Perifericos\synergy\ssp\inc\driver\instances" -std=c99 -MMD -MP -MF"synergy/ssp/src/driver/r_fmi/r_fmi.d" -MT"synergy/ssp/src/driver/r_fmi/r_fmi.o" -c -o "synergy/ssp/src/driver/r_fmi/r_fmi.o" -x c "../synergy/ssp/src/driver/r_fmi/r_fmi.c"
'Invoking: Cross ARM C Compiler'
C:\Renesas\Synergy\e2studio_v6.2.0_ssp_v1.4.0\eclipse\/../\Utilities\\/isdebuild arm-none-eabi-gcc -mcpu=cortex-m4 -mthumb -mfloat-abi=hard -mfpu=fpv4-sp-d16 -O2 -fmessage-length=0 -fsigned-char -ffunction-sections -fdata-sections -Wunused -Wuninitialized -Wall -Wextra -Wmissing-declarations -Wconversion -Wpointer-arith -Wshadow -Wlogical-op -Waggregate-return -Wfloat-equal  -g3 -D_RENESAS_SYNERGY_ -I"C:\Users\rmend\Desktop\Diplomado SW\4.2 Perifericos\Perifericos\src" -I"C:\Users\rmend\Desktop\Diplomado SW\4.2 Perifericos\Perifericos\src\synergy_gen" -I"C:\Users\rmend\Desktop\Diplomado SW\4.2 Perifericos\Perifericos\synergy_cfg\ssp_cfg\bsp" -I"C:\Users\rmend\Desktop\Diplomado SW\4.2 Perifericos\Perifericos\synergy_cfg\ssp_cfg\driver" -I"C:\Users\rmend\Desktop\Diplomado SW\4.2 Perifericos\Perifericos\synergy\ssp\inc" -I"C:\Users\rmend\Desktop\Diplomado SW\4.2 Perifericos\Perifericos\synergy\ssp\inc\bsp" -I"C:\Users\rmend\Desktop\Diplomado SW\4.2 Perifericos\Perifericos\synergy\ssp\inc\bsp\cmsis\Include" -I"C:\Users\rmend\Desktop\Diplomado SW\4.2 Perifericos\Perifericos\synergy\ssp\inc\driver\api" -I"C:\Users\rmend\Desktop\Diplomado SW\4.2 Perifericos\Perifericos\synergy\ssp\inc\driver\instances" -std=c99 -MMD -MP -MF"synergy/ssp/src/driver/r_elc/r_elc.d" -MT"synergy/ssp/src/driver/r_elc/r_elc.o" -c -o "synergy/ssp/src/driver/r_elc/r_elc.o" -x c "../synergy/ssp/src/driver/r_elc/r_elc.c"
'Building file: ../synergy/ssp/src/driver/r_cgc/hw/hw_cgc.c'
'Building file: ../synergy/ssp/src/driver/r_cgc/r_cgc.c'
'Invoking: Cross ARM C Compiler'
C:\Renesas\Synergy\e2studio_v6.2.0_ssp_v1.4.0\eclipse\/../\Utilities\\/isdebuild arm-none-eabi-gcc -mcpu=cortex-m4 -mthumb -mfloat-abi=hard -mfpu=fpv4-sp-d16 -O2 -fmessage-length=0 -fsigned-char -ffunction-sections -fdata-sections -Wunused -Wuninitialized -Wall -Wextra -Wmissing-declarations -Wconversion -Wpointer-arith -Wshadow -Wlogical-op -Waggregate-return -Wfloat-equal  -g3 -D_RENESAS_SYNERGY_ -I"C:\Users\rmend\Desktop\Diplomado SW\4.2 Perifericos\Perifericos\src" -I"C:\Users\rmend\Desktop\Diplomado SW\4.2 Perifericos\Perifericos\src\synergy_gen" -I"C:\Users\rmend\Desktop\Diplomado SW\4.2 Perifericos\Perifericos\synergy_cfg\ssp_cfg\bsp" -I"C:\Users\rmend\Desktop\Diplomado SW\4.2 Perifericos\Perifericos\synergy_cfg\ssp_cfg\driver" -I"C:\Users\rmend\Desktop\Diplomado SW\4.2 Perifericos\Perifericos\synergy\ssp\inc" -I"C:\Users\rmend\Desktop\Diplomado SW\4.2 Perifericos\Perifericos\synergy\ssp\inc\bsp" -I"C:\Users\rmend\Desktop\Diplomado SW\4.2 Perifericos\Perifericos\synergy\ssp\inc\bsp\cmsis\Include" -I"C:\Users\rmend\Desktop\Diplomado SW\4.2 Perifericos\Perifericos\synergy\ssp\inc\driver\api" -I"C:\Users\rmend\Desktop\Diplomado SW\4.2 Perifericos\Perifericos\synergy\ssp\inc\driver\instances" -std=c99 -MMD -MP -MF"synergy/ssp/src/driver/r_cgc/hw/hw_cgc.d" -MT"synergy/ssp/src/driver/r_cgc/hw/hw_cgc.o" -c -o "synergy/ssp/src/driver/r_cgc/hw/hw_cgc.o" -x c "../synergy/ssp/src/driver/r_cgc/hw/hw_cgc.c"
'Invoking: Cross ARM C Compiler'
C:\Renesas\Synergy\e2studio_v6.2.0_ssp_v1.4.0\eclipse\/../\Utilities\\/isdebuild arm-none-eabi-gcc -mcpu=cortex-m4 -mthumb -mfloat-abi=hard -mfpu=fpv4-sp-d16 -O2 -fmessage-length=0 -fsigned-char -ffunction-sections -fdata-sections -Wunused -Wuninitialized -Wall -Wextra -Wmissing-declarations -Wconversion -Wpointer-arith -Wshadow -Wlogical-op -Waggregate-return -Wfloat-equal  -g3 -D_RENESAS_SYNERGY_ -I"C:\Users\rmend\Desktop\Diplomado SW\4.2 Perifericos\Perifericos\src" -I"C:\Users\rmend\Desktop\Diplomado SW\4.2 Perifericos\Perifericos\src\synergy_gen" -I"C:\Users\rmend\Desktop\Diplomado SW\4.2 Perifericos\Perifericos\synergy_cfg\ssp_cfg\bsp" -I"C:\Users\rmend\Desktop\Diplomado SW\4.2 Perifericos\Perifericos\synergy_cfg\ssp_cfg\driver" -I"C:\Users\rmend\Desktop\Diplomado SW\4.2 Perifericos\Perifericos\synergy\ssp\inc" -I"C:\Users\rmend\Desktop\Diplomado SW\4.2 Perifericos\Perifericos\synergy\ssp\inc\bsp" -I"C:\Users\rmend\Desktop\Diplomado SW\4.2 Perifericos\Perifericos\synergy\ssp\inc\bsp\cmsis\Include" -I"C:\Users\rmend\Desktop\Diplomado SW\4.2 Perifericos\Perifericos\synergy\ssp\inc\driver\api" -I"C:\Users\rmend\Desktop\Diplomado SW\4.2 Perifericos\Perifericos\synergy\ssp\inc\driver\instances" -std=c99 -MMD -MP -MF"synergy/ssp/src/driver/r_cgc/r_cgc.d" -MT"synergy/ssp/src/driver/r_cgc/r_cgc.o" -c -o "synergy/ssp/src/driver/r_cgc/r_cgc.o" -x c "../synergy/ssp/src/driver/r_cgc/r_cgc.c"
'Building file: ../synergy/ssp/src/bsp/mcu/s7g2/bsp_cache.c'
'Building file: ../synergy/ssp/src/bsp/mcu/s7g2/bsp_clocks.c'
'Invoking: Cross ARM C Compiler'
C:\Renesas\Synergy\e2studio_v6.2.0_ssp_v1.4.0\eclipse\/../\Utilities\\/isdebuild arm-none-eabi-gcc -mcpu=cortex-m4 -mthumb -mfloat-abi=hard -mfpu=fpv4-sp-d16 -O2 -fmessage-length=0 -fsigned-char -ffunction-sections -fdata-sections -Wunused -Wuninitialized -Wall -Wextra -Wmissing-declarations -Wconversion -Wpointer-arith -Wshadow -Wlogical-op -Waggregate-return -Wfloat-equal  -g3 -D_RENESAS_SYNERGY_ -I"C:\Users\rmend\Desktop\Diplomado SW\4.2 Perifericos\Perifericos\src" -I"C:\Users\rmend\Desktop\Diplomado SW\4.2 Perifericos\Perifericos\src\synergy_gen" -I"C:\Users\rmend\Desktop\Diplomado SW\4.2 Perifericos\Perifericos\synergy_cfg\ssp_cfg\bsp" -I"C:\Users\rmend\Desktop\Diplomado SW\4.2 Perifericos\Perifericos\synergy_cfg\ssp_cfg\driver" -I"C:\Users\rmend\Desktop\Diplomado SW\4.2 Perifericos\Perifericos\synergy\ssp\inc" -I"C:\Users\rmend\Desktop\Diplomado SW\4.2 Perifericos\Perifericos\synergy\ssp\inc\bsp" -I"C:\Users\rmend\Desktop\Diplomado SW\4.2 Perifericos\Perifericos\synergy\ssp\inc\bsp\cmsis\Include" -I"C:\Users\rmend\Desktop\Diplomado SW\4.2 Perifericos\Perifericos\synergy\ssp\inc\driver\api" -I"C:\Users\rmend\Desktop\Diplomado SW\4.2 Perifericos\Perifericos\synergy\ssp\inc\driver\instances" -std=c99 -MMD -MP -MF"synergy/ssp/src/bsp/mcu/s7g2/bsp_cache.d" -MT"synergy/ssp/src/bsp/mcu/s7g2/bsp_cache.o" -c -o "synergy/ssp/src/bsp/mcu/s7g2/bsp_cache.o" -x c "../synergy/ssp/src/bsp/mcu/s7g2/bsp_cache.c"
'Invoking: Cross ARM C Compiler'
C:\Renesas\Synergy\e2studio_v6.2.0_ssp_v1.4.0\eclipse\/../\Utilities\\/isdebuild arm-none-eabi-gcc -mcpu=cortex-m4 -mthumb -mfloat-abi=hard -mfpu=fpv4-sp-d16 -O2 -fmessage-length=0 -fsigned-char -ffunction-sections -fdata-sections -Wunused -Wuninitialized -Wall -Wextra -Wmissing-declarations -Wconversion -Wpointer-arith -Wshadow -Wlogical-op -Waggregate-return -Wfloat-equal  -g3 -D_RENESAS_SYNERGY_ -I"C:\Users\rmend\Desktop\Diplomado SW\4.2 Perifericos\Perifericos\src" -I"C:\Users\rmend\Desktop\Diplomado SW\4.2 Perifericos\Perifericos\src\synergy_gen" -I"C:\Users\rmend\Desktop\Diplomado SW\4.2 Perifericos\Perifericos\synergy_cfg\ssp_cfg\bsp" -I"C:\Users\rmend\Desktop\Diplomado SW\4.2 Perifericos\Perifericos\synergy_cfg\ssp_cfg\driver" -I"C:\Users\rmend\Desktop\Diplomado SW\4.2 Perifericos\Perifericos\synergy\ssp\inc" -I"C:\Users\rmend\Desktop\Diplomado SW\4.2 Perifericos\Perifericos\synergy\ssp\inc\bsp" -I"C:\Users\rmend\Desktop\Diplomado SW\4.2 Perifericos\Perifericos\synergy\ssp\inc\bsp\cmsis\Include" -I"C:\Users\rmend\Desktop\Diplomado SW\4.2 Perifericos\Perifericos\synergy\ssp\inc\driver\api" -I"C:\Users\rmend\Desktop\Diplomado SW\4.2 Perifericos\Perifericos\synergy\ssp\inc\driver\instances" -std=c99 -MMD -MP -MF"synergy/ssp/src/bsp/mcu/s7g2/bsp_clocks.d" -MT"synergy/ssp/src/bsp/mcu/s7g2/bsp_clocks.o" -c -o "synergy/ssp/src/bsp/mcu/s7g2/bsp_clocks.o" -x c "../synergy/ssp/src/bsp/mcu/s7g2/bsp_clocks.c"
'Finished building: ../synergy/ssp/src/bsp/mcu/s7g2/bsp_cache.c'
'Finished building: ../synergy/ssp/src/driver/r_ioport/r_ioport.c'
'Finished building: ../synergy/ssp/src/driver/r_gpt/r_gpt.c'
'Finished building: ../synergy/ssp/src/driver/r_fmi/r_fmi.c'
'Finished building: ../synergy/ssp/src/driver/r_elc/r_elc.c'
'Finished building: ../synergy/ssp/src/driver/r_cgc/hw/hw_cgc.c'
'Finished building: ../synergy/ssp/src/driver/r_cgc/r_cgc.c'
'Finished building: ../synergy/ssp/src/bsp/mcu/s7g2/bsp_clocks.c'
' '
' '
' '
' '
' '
' '
' '
' '
'Building file: ../synergy/ssp/src/bsp/mcu/s7g2/bsp_feature.c'
'Building file: ../synergy/ssp/src/bsp/mcu/s7g2/bsp_fmi_R7FS7G27H3A01CFC.c'
'Invoking: Cross ARM C Compiler'
C:\Renesas\Synergy\e2studio_v6.2.0_ssp_v1.4.0\eclipse\/../\Utilities\\/isdebuild arm-none-eabi-gcc -mcpu=cortex-m4 -mthumb -mfloat-abi=hard -mfpu=fpv4-sp-d16 -O2 -fmessage-length=0 -fsigned-char -ffunction-sections -fdata-sections -Wunused -Wuninitialized -Wall -Wextra -Wmissing-declarations -Wconversion -Wpointer-arith -Wshadow -Wlogical-op -Waggregate-return -Wfloat-equal  -g3 -D_RENESAS_SYNERGY_ -I"C:\Users\rmend\Desktop\Diplomado SW\4.2 Perifericos\Perifericos\src" -I"C:\Users\rmend\Desktop\Diplomado SW\4.2 Perifericos\Perifericos\src\synergy_gen" -I"C:\Users\rmend\Desktop\Diplomado SW\4.2 Perifericos\Perifericos\synergy_cfg\ssp_cfg\bsp" -I"C:\Users\rmend\Desktop\Diplomado SW\4.2 Perifericos\Perifericos\synergy_cfg\ssp_cfg\driver" -I"C:\Users\rmend\Desktop\Diplomado SW\4.2 Perifericos\Perifericos\synergy\ssp\inc" -I"C:\Users\rmend\Desktop\Diplomado SW\4.2 Perifericos\Perifericos\synergy\ssp\inc\bsp" -I"C:\Users\rmend\Desktop\Diplomado SW\4.2 Perifericos\Perifericos\synergy\ssp\inc\bsp\cmsis\Include" -I"C:\Users\rmend\Desktop\Diplomado SW\4.2 Perifericos\Perifericos\synergy\ssp\inc\driver\api" -I"C:\Users\rmend\Desktop\Diplomado SW\4.2 Perifericos\Perifericos\synergy\ssp\inc\driver\instances" -std=c99 -MMD -MP -MF"synergy/ssp/src/bsp/mcu/s7g2/bsp_feature.d" -MT"synergy/ssp/src/bsp/mcu/s7g2/bsp_feature.o" -c -o "synergy/ssp/src/bsp/mcu/s7g2/bsp_feature.o" -x c "../synergy/ssp/src/bsp/mcu/s7g2/bsp_feature.c"
'Invoking: Cross ARM C Compiler'
C:\Renesas\Synergy\e2studio_v6.2.0_ssp_v1.4.0\eclipse\/../\Utilities\\/isdebuild arm-none-eabi-gcc -mcpu=cortex-m4 -mthumb -mfloat-abi=hard -mfpu=fpv4-sp-d16 -O2 -fmessage-length=0 -fsigned-char -ffunction-sections -fdata-sections -Wunused -Wuninitialized -Wall -Wextra -Wmissing-declarations -Wconversion -Wpointer-arith -Wshadow -Wlogical-op -Waggregate-return -Wfloat-equal  -g3 -D_RENESAS_SYNERGY_ -I"C:\Users\rmend\Desktop\Diplomado SW\4.2 Perifericos\Perifericos\src" -I"C:\Users\rmend\Desktop\Diplomado SW\4.2 Perifericos\Perifericos\src\synergy_gen" -I"C:\Users\rmend\Desktop\Diplomado SW\4.2 Perifericos\Perifericos\synergy_cfg\ssp_cfg\bsp" -I"C:\Users\rmend\Desktop\Diplomado SW\4.2 Perifericos\Perifericos\synergy_cfg\ssp_cfg\driver" -I"C:\Users\rmend\Desktop\Diplomado SW\4.2 Perifericos\Perifericos\synergy\ssp\inc" -I"C:\Users\rmend\Desktop\Diplomado SW\4.2 Perifericos\Perifericos\synergy\ssp\inc\bsp" -I"C:\Users\rmend\Desktop\Diplomado SW\4.2 Perifericos\Perifericos\synergy\ssp\inc\bsp\cmsis\Include" -I"C:\Users\rmend\Desktop\Diplomado SW\4.2 Perifericos\Perifericos\synergy\ssp\inc\driver\api" -I"C:\Users\rmend\Desktop\Diplomado SW\4.2 Perifericos\Perifericos\synergy\ssp\inc\driver\instances" -std=c99 -MMD -MP -MF"synergy/ssp/src/bsp/mcu/s7g2/bsp_fmi_R7FS7G27H3A01CFC.d" -MT"synergy/ssp/src/bsp/mcu/s7g2/bsp_fmi_R7FS7G27H3A01CFC.o" -c -o "synergy/ssp/src/bsp/mcu/s7g2/bsp_fmi_R7FS7G27H3A01CFC.o" -x c "../synergy/ssp/src/bsp/mcu/s7g2/bsp_fmi_R7FS7G27H3A01CFC.c"
'Building file: ../synergy/ssp/src/bsp/mcu/s7g2/bsp_group_irq.c'
'Building file: ../synergy/ssp/src/bsp/mcu/s7g2/bsp_hw_locks.c'
'Invoking: Cross ARM C Compiler'
C:\Renesas\Synergy\e2studio_v6.2.0_ssp_v1.4.0\eclipse\/../\Utilities\\/isdebuild arm-none-eabi-gcc -mcpu=cortex-m4 -mthumb -mfloat-abi=hard -mfpu=fpv4-sp-d16 -O2 -fmessage-length=0 -fsigned-char -ffunction-sections -fdata-sections -Wunused -Wuninitialized -Wall -Wextra -Wmissing-declarations -Wconversion -Wpointer-arith -Wshadow -Wlogical-op -Waggregate-return -Wfloat-equal  -g3 -D_RENESAS_SYNERGY_ -I"C:\Users\rmend\Desktop\Diplomado SW\4.2 Perifericos\Perifericos\src" -I"C:\Users\rmend\Desktop\Diplomado SW\4.2 Perifericos\Perifericos\src\synergy_gen" -I"C:\Users\rmend\Desktop\Diplomado SW\4.2 Perifericos\Perifericos\synergy_cfg\ssp_cfg\bsp" -I"C:\Users\rmend\Desktop\Diplomado SW\4.2 Perifericos\Perifericos\synergy_cfg\ssp_cfg\driver" -I"C:\Users\rmend\Desktop\Diplomado SW\4.2 Perifericos\Perifericos\synergy\ssp\inc" -I"C:\Users\rmend\Desktop\Diplomado SW\4.2 Perifericos\Perifericos\synergy\ssp\inc\bsp" -I"C:\Users\rmend\Desktop\Diplomado SW\4.2 Perifericos\Perifericos\synergy\ssp\inc\bsp\cmsis\Include" -I"C:\Users\rmend\Desktop\Diplomado SW\4.2 Perifericos\Perifericos\synergy\ssp\inc\driver\api" -I"C:\Users\rmend\Desktop\Diplomado SW\4.2 Perifericos\Perifericos\synergy\ssp\inc\driver\instances" -std=c99 -MMD -MP -MF"synergy/ssp/src/bsp/mcu/s7g2/bsp_group_irq.d" -MT"synergy/ssp/src/bsp/mcu/s7g2/bsp_group_irq.o" -c -o "synergy/ssp/src/bsp/mcu/s7g2/bsp_group_irq.o" -x c "../synergy/ssp/src/bsp/mcu/s7g2/bsp_group_irq.c"
'Invoking: Cross ARM C Compiler'
C:\Renesas\Synergy\e2studio_v6.2.0_ssp_v1.4.0\eclipse\/../\Utilities\\/isdebuild arm-none-eabi-gcc -mcpu=cortex-m4 -mthumb -mfloat-abi=hard -mfpu=fpv4-sp-d16 -O2 -fmessage-length=0 -fsigned-char -ffunction-sections -fdata-sections -Wunused -Wuninitialized -Wall -Wextra -Wmissing-declarations -Wconversion -Wpointer-arith -Wshadow -Wlogical-op -Waggregate-return -Wfloat-equal  -g3 -D_RENESAS_SYNERGY_ -I"C:\Users\rmend\Desktop\Diplomado SW\4.2 Perifericos\Perifericos\src" -I"C:\Users\rmend\Desktop\Diplomado SW\4.2 Perifericos\Perifericos\src\synergy_gen" -I"C:\Users\rmend\Desktop\Diplomado SW\4.2 Perifericos\Perifericos\synergy_cfg\ssp_cfg\bsp" -I"C:\Users\rmend\Desktop\Diplomado SW\4.2 Perifericos\Perifericos\synergy_cfg\ssp_cfg\driver" -I"C:\Users\rmend\Desktop\Diplomado SW\4.2 Perifericos\Perifericos\synergy\ssp\inc" -I"C:\Users\rmend\Desktop\Diplomado SW\4.2 Perifericos\Perifericos\synergy\ssp\inc\bsp" -I"C:\Users\rmend\Desktop\Diplomado SW\4.2 Perifericos\Perifericos\synergy\ssp\inc\bsp\cmsis\Include" -I"C:\Users\rmend\Desktop\Diplomado SW\4.2 Perifericos\Perifericos\synergy\ssp\inc\driver\api" -I"C:\Users\rmend\Desktop\Diplomado SW\4.2 Perifericos\Perifericos\synergy\ssp\inc\driver\instances" -std=c99 -MMD -MP -MF"synergy/ssp/src/bsp/mcu/s7g2/bsp_hw_locks.d" -MT"synergy/ssp/src/bsp/mcu/s7g2/bsp_hw_locks.o" -c -o "synergy/ssp/src/bsp/mcu/s7g2/bsp_hw_locks.o" -x c "../synergy/ssp/src/bsp/mcu/s7g2/bsp_hw_locks.c"
'Building file: ../synergy/ssp/src/bsp/mcu/s7g2/bsp_module_stop.c'
'Building file: ../synergy/ssp/src/bsp/mcu/s7g2/bsp_rom_registers.c'
'Invoking: Cross ARM C Compiler'
C:\Renesas\Synergy\e2studio_v6.2.0_ssp_v1.4.0\eclipse\/../\Utilities\\/isdebuild arm-none-eabi-gcc -mcpu=cortex-m4 -mthumb -mfloat-abi=hard -mfpu=fpv4-sp-d16 -O2 -fmessage-length=0 -fsigned-char -ffunction-sections -fdata-sections -Wunused -Wuninitialized -Wall -Wextra -Wmissing-declarations -Wconversion -Wpointer-arith -Wshadow -Wlogical-op -Waggregate-return -Wfloat-equal  -g3 -D_RENESAS_SYNERGY_ -I"C:\Users\rmend\Desktop\Diplomado SW\4.2 Perifericos\Perifericos\src" -I"C:\Users\rmend\Desktop\Diplomado SW\4.2 Perifericos\Perifericos\src\synergy_gen" -I"C:\Users\rmend\Desktop\Diplomado SW\4.2 Perifericos\Perifericos\synergy_cfg\ssp_cfg\bsp" -I"C:\Users\rmend\Desktop\Diplomado SW\4.2 Perifericos\Perifericos\synergy_cfg\ssp_cfg\driver" -I"C:\Users\rmend\Desktop\Diplomado SW\4.2 Perifericos\Perifericos\synergy\ssp\inc" -I"C:\Users\rmend\Desktop\Diplomado SW\4.2 Perifericos\Perifericos\synergy\ssp\inc\bsp" -I"C:\Users\rmend\Desktop\Diplomado SW\4.2 Perifericos\Perifericos\synergy\ssp\inc\bsp\cmsis\Include" -I"C:\Users\rmend\Desktop\Diplomado SW\4.2 Perifericos\Perifericos\synergy\ssp\inc\driver\api" -I"C:\Users\rmend\Desktop\Diplomado SW\4.2 Perifericos\Perifericos\synergy\ssp\inc\driver\instances" -std=c99 -MMD -MP -MF"synergy/ssp/src/bsp/mcu/s7g2/bsp_module_stop.d" -MT"synergy/ssp/src/bsp/mcu/s7g2/bsp_module_stop.o" -c -o "synergy/ssp/src/bsp/mcu/s7g2/bsp_module_stop.o" -x c "../synergy/ssp/src/bsp/mcu/s7g2/bsp_module_stop.c"
'Invoking: Cross ARM C Compiler'
C:\Renesas\Synergy\e2studio_v6.2.0_ssp_v1.4.0\eclipse\/../\Utilities\\/isdebuild arm-none-eabi-gcc -mcpu=cortex-m4 -mthumb -mfloat-abi=hard -mfpu=fpv4-sp-d16 -O2 -fmessage-length=0 -fsigned-char -ffunction-sections -fdata-sections -Wunused -Wuninitialized -Wall -Wextra -Wmissing-declarations -Wconversion -Wpointer-arith -Wshadow -Wlogical-op -Waggregate-return -Wfloat-equal  -g3 -D_RENESAS_SYNERGY_ -I"C:\Users\rmend\Desktop\Diplomado SW\4.2 Perifericos\Perifericos\src" -I"C:\Users\rmend\Desktop\Diplomado SW\4.2 Perifericos\Perifericos\src\synergy_gen" -I"C:\Users\rmend\Desktop\Diplomado SW\4.2 Perifericos\Perifericos\synergy_cfg\ssp_cfg\bsp" -I"C:\Users\rmend\Desktop\Diplomado SW\4.2 Perifericos\Perifericos\synergy_cfg\ssp_cfg\driver" -I"C:\Users\rmend\Desktop\Diplomado SW\4.2 Perifericos\Perifericos\synergy\ssp\inc" -I"C:\Users\rmend\Desktop\Diplomado SW\4.2 Perifericos\Perifericos\synergy\ssp\inc\bsp" -I"C:\Users\rmend\Desktop\Diplomado SW\4.2 Perifericos\Perifericos\synergy\ssp\inc\bsp\cmsis\Include" -I"C:\Users\rmend\Desktop\Diplomado SW\4.2 Perifericos\Perifericos\synergy\ssp\inc\driver\api" -I"C:\Users\rmend\Desktop\Diplomado SW\4.2 Perifericos\Perifericos\synergy\ssp\inc\driver\instances" -std=c99 -MMD -MP -MF"synergy/ssp/src/bsp/mcu/s7g2/bsp_rom_registers.d" -MT"synergy/ssp/src/bsp/mcu/s7g2/bsp_rom_registers.o" -c -o "synergy/ssp/src/bsp/mcu/s7g2/bsp_rom_registers.o" -x c "../synergy/ssp/src/bsp/mcu/s7g2/bsp_rom_registers.c"
'Finished building: ../synergy/ssp/src/bsp/mcu/s7g2/bsp_feature.c'
'Building file: ../synergy/ssp/src/bsp/mcu/all/bsp_common.c'
'Finished building: ../synergy/ssp/src/bsp/mcu/s7g2/bsp_fmi_R7FS7G27H3A01CFC.c'
' '
'Invoking: Cross ARM C Compiler'
C:\Renesas\Synergy\e2studio_v6.2.0_ssp_v1.4.0\eclipse\/../\Utilities\\/isdebuild arm-none-eabi-gcc -mcpu=cortex-m4 -mthumb -mfloat-abi=hard -mfpu=fpv4-sp-d16 -O2 -fmessage-length=0 -fsigned-char -ffunction-sections -fdata-sections -Wunused -Wuninitialized -Wall -Wextra -Wmissing-declarations -Wconversion -Wpointer-arith -Wshadow -Wlogical-op -Waggregate-return -Wfloat-equal  -g3 -D_RENESAS_SYNERGY_ -I"C:\Users\rmend\Desktop\Diplomado SW\4.2 Perifericos\Perifericos\src" -I"C:\Users\rmend\Desktop\Diplomado SW\4.2 Perifericos\Perifericos\src\synergy_gen" -I"C:\Users\rmend\Desktop\Diplomado SW\4.2 Perifericos\Perifericos\synergy_cfg\ssp_cfg\bsp" -I"C:\Users\rmend\Desktop\Diplomado SW\4.2 Perifericos\Perifericos\synergy_cfg\ssp_cfg\driver" -I"C:\Users\rmend\Desktop\Diplomado SW\4.2 Perifericos\Perifericos\synergy\ssp\inc" -I"C:\Users\rmend\Desktop\Diplomado SW\4.2 Perifericos\Perifericos\synergy\ssp\inc\bsp" -I"C:\Users\rmend\Desktop\Diplomado SW\4.2 Perifericos\Perifericos\synergy\ssp\inc\bsp\cmsis\Include" -I"C:\Users\rmend\Desktop\Diplomado SW\4.2 Perifericos\Perifericos\synergy\ssp\inc\driver\api" -I"C:\Users\rmend\Desktop\Diplomado SW\4.2 Perifericos\Perifericos\synergy\ssp\inc\driver\instances" -std=c99 -MMD -MP -MF"synergy/ssp/src/bsp/mcu/all/bsp_common.d" -MT"synergy/ssp/src/bsp/mcu/all/bsp_common.o" -c -o "synergy/ssp/src/bsp/mcu/all/bsp_common.o" -x c "../synergy/ssp/src/bsp/mcu/all/bsp_common.c"
' '
'Building file: ../synergy/ssp/src/bsp/mcu/all/bsp_common_leds.c'
'Finished building: ../synergy/ssp/src/bsp/mcu/s7g2/bsp_group_irq.c'
'Finished building: ../synergy/ssp/src/bsp/mcu/s7g2/bsp_hw_locks.c'
'Invoking: Cross ARM C Compiler'
' '
'Finished building: ../synergy/ssp/src/bsp/mcu/s7g2/bsp_rom_registers.c'
' '
C:\Renesas\Synergy\e2studio_v6.2.0_ssp_v1.4.0\eclipse\/../\Utilities\\/isdebuild arm-none-eabi-gcc -mcpu=cortex-m4 -mthumb -mfloat-abi=hard -mfpu=fpv4-sp-d16 -O2 -fmessage-length=0 -fsigned-char -ffunction-sections -fdata-sections -Wunused -Wuninitialized -Wall -Wextra -Wmissing-declarations -Wconversion -Wpointer-arith -Wshadow -Wlogical-op -Waggregate-return -Wfloat-equal  -g3 -D_RENESAS_SYNERGY_ -I"C:\Users\rmend\Desktop\Diplomado SW\4.2 Perifericos\Perifericos\src" -I"C:\Users\rmend\Desktop\Diplomado SW\4.2 Perifericos\Perifericos\src\synergy_gen" -I"C:\Users\rmend\Desktop\Diplomado SW\4.2 Perifericos\Perifericos\synergy_cfg\ssp_cfg\bsp" -I"C:\Users\rmend\Desktop\Diplomado SW\4.2 Perifericos\Perifericos\synergy_cfg\ssp_cfg\driver" -I"C:\Users\rmend\Desktop\Diplomado SW\4.2 Perifericos\Perifericos\synergy\ssp\inc" -I"C:\Users\rmend\Desktop\Diplomado SW\4.2 Perifericos\Perifericos\synergy\ssp\inc\bsp" -I"C:\Users\rmend\Desktop\Diplomado SW\4.2 Perifericos\Perifericos\synergy\ssp\inc\bsp\cmsis\Include" -I"C:\Users\rmend\Desktop\Diplomado SW\4.2 Perifericos\Perifericos\synergy\ssp\inc\driver\api" -I"C:\Users\rmend\Desktop\Diplomado SW\4.2 Perifericos\Perifericos\synergy\ssp\inc\driver\instances" -std=c99 -MMD -MP -MF"synergy/ssp/src/bsp/mcu/all/bsp_common_leds.d" -MT"synergy/ssp/src/bsp/mcu/all/bsp_common_leds.o" -c -o "synergy/ssp/src/bsp/mcu/all/bsp_common_leds.o" -x c "../synergy/ssp/src/bsp/mcu/all/bsp_common_leds.c"
'Finished building: ../synergy/ssp/src/bsp/mcu/s7g2/bsp_module_stop.c'
' '
' '
'Building file: ../synergy/ssp/src/bsp/mcu/all/bsp_delay.c'
'Building file: ../synergy/ssp/src/bsp/mcu/all/bsp_irq.c'
'Finished building: ../synergy/ssp/src/bsp/mcu/all/bsp_common.c'
'Invoking: Cross ARM C Compiler'
'Invoking: Cross ARM C Compiler'
C:\Renesas\Synergy\e2studio_v6.2.0_ssp_v1.4.0\eclipse\/../\Utilities\\/isdebuild arm-none-eabi-gcc -mcpu=cortex-m4 -mthumb -mfloat-abi=hard -mfpu=fpv4-sp-d16 -O2 -fmessage-length=0 -fsigned-char -ffunction-sections -fdata-sections -Wunused -Wuninitialized -Wall -Wextra -Wmissing-declarations -Wconversion -Wpointer-arith -Wshadow -Wlogical-op -Waggregate-return -Wfloat-equal  -g3 -D_RENESAS_SYNERGY_ -I"C:\Users\rmend\Desktop\Diplomado SW\4.2 Perifericos\Perifericos\src" -I"C:\Users\rmend\Desktop\Diplomado SW\4.2 Perifericos\Perifericos\src\synergy_gen" -I"C:\Users\rmend\Desktop\Diplomado SW\4.2 Perifericos\Perifericos\synergy_cfg\ssp_cfg\bsp" -I"C:\Users\rmend\Desktop\Diplomado SW\4.2 Perifericos\Perifericos\synergy_cfg\ssp_cfg\driver" -I"C:\Users\rmend\Desktop\Diplomado SW\4.2 Perifericos\Perifericos\synergy\ssp\inc" -I"C:\Users\rmend\Desktop\Diplomado SW\4.2 Perifericos\Perifericos\synergy\ssp\inc\bsp" -I"C:\Users\rmend\Desktop\Diplomado SW\4.2 Perifericos\Perifericos\synergy\ssp\inc\bsp\cmsis\Include" -I"C:\Users\rmend\Desktop\Diplomado SW\4.2 Perifericos\Perifericos\synergy\ssp\inc\driver\api" -I"C:\Users\rmend\Desktop\Diplomado SW\4.2 Perifericos\Perifericos\synergy\ssp\inc\driver\instances" -std=c99 -MMD -MP -MF"synergy/ssp/src/bsp/mcu/all/bsp_delay.d" -MT"synergy/ssp/src/bsp/mcu/all/bsp_delay.o" -c -o "synergy/ssp/src/bsp/mcu/all/bsp_delay.o" -x c "../synergy/ssp/src/bsp/mcu/all/bsp_delay.c"
' '
C:\Renesas\Synergy\e2studio_v6.2.0_ssp_v1.4.0\eclipse\/../\Utilities\\/isdebuild arm-none-eabi-gcc -mcpu=cortex-m4 -mthumb -mfloat-abi=hard -mfpu=fpv4-sp-d16 -O2 -fmessage-length=0 -fsigned-char -ffunction-sections -fdata-sections -Wunused -Wuninitialized -Wall -Wextra -Wmissing-declarations -Wconversion -Wpointer-arith -Wshadow -Wlogical-op -Waggregate-return -Wfloat-equal  -g3 -D_RENESAS_SYNERGY_ -I"C:\Users\rmend\Desktop\Diplomado SW\4.2 Perifericos\Perifericos\src" -I"C:\Users\rmend\Desktop\Diplomado SW\4.2 Perifericos\Perifericos\src\synergy_gen" -I"C:\Users\rmend\Desktop\Diplomado SW\4.2 Perifericos\Perifericos\synergy_cfg\ssp_cfg\bsp" -I"C:\Users\rmend\Desktop\Diplomado SW\4.2 Perifericos\Perifericos\synergy_cfg\ssp_cfg\driver" -I"C:\Users\rmend\Desktop\Diplomado SW\4.2 Perifericos\Perifericos\synergy\ssp\inc" -I"C:\Users\rmend\Desktop\Diplomado SW\4.2 Perifericos\Perifericos\synergy\ssp\inc\bsp" -I"C:\Users\rmend\Desktop\Diplomado SW\4.2 Perifericos\Perifericos\synergy\ssp\inc\bsp\cmsis\Include" -I"C:\Users\rmend\Desktop\Diplomado SW\4.2 Perifericos\Perifericos\synergy\ssp\inc\driver\api" -I"C:\Users\rmend\Desktop\Diplomado SW\4.2 Perifericos\Perifericos\synergy\ssp\inc\driver\instances" -std=c99 -MMD -MP -MF"synergy/ssp/src/bsp/mcu/all/bsp_irq.d" -MT"synergy/ssp/src/bsp/mcu/all/bsp_irq.o" -c -o "synergy/ssp/src/bsp/mcu/all/bsp_irq.o" -x c "../synergy/ssp/src/bsp/mcu/all/bsp_irq.c"
'Building file: ../synergy/ssp/src/bsp/mcu/all/bsp_locking.c'
'Building file: ../synergy/ssp/src/bsp/mcu/all/bsp_register_protection.c'
'Finished building: ../synergy/ssp/src/bsp/mcu/all/bsp_common_leds.c'
'Invoking: Cross ARM C Compiler'
'Invoking: Cross ARM C Compiler'
C:\Renesas\Synergy\e2studio_v6.2.0_ssp_v1.4.0\eclipse\/../\Utilities\\/isdebuild arm-none-eabi-gcc -mcpu=cortex-m4 -mthumb -mfloat-abi=hard -mfpu=fpv4-sp-d16 -O2 -fmessage-length=0 -fsigned-char -ffunction-sections -fdata-sections -Wunused -Wuninitialized -Wall -Wextra -Wmissing-declarations -Wconversion -Wpointer-arith -Wshadow -Wlogical-op -Waggregate-return -Wfloat-equal  -g3 -D_RENESAS_SYNERGY_ -I"C:\Users\rmend\Desktop\Diplomado SW\4.2 Perifericos\Perifericos\src" -I"C:\Users\rmend\Desktop\Diplomado SW\4.2 Perifericos\Perifericos\src\synergy_gen" -I"C:\Users\rmend\Desktop\Diplomado SW\4.2 Perifericos\Perifericos\synergy_cfg\ssp_cfg\bsp" -I"C:\Users\rmend\Desktop\Diplomado SW\4.2 Perifericos\Perifericos\synergy_cfg\ssp_cfg\driver" -I"C:\Users\rmend\Desktop\Diplomado SW\4.2 Perifericos\Perifericos\synergy\ssp\inc" -I"C:\Users\rmend\Desktop\Diplomado SW\4.2 Perifericos\Perifericos\synergy\ssp\inc\bsp" -I"C:\Users\rmend\Desktop\Diplomado SW\4.2 Perifericos\Perifericos\synergy\ssp\inc\bsp\cmsis\Include" -I"C:\Users\rmend\Desktop\Diplomado SW\4.2 Perifericos\Perifericos\synergy\ssp\inc\driver\api" -I"C:\Users\rmend\Desktop\Diplomado SW\4.2 Perifericos\Perifericos\synergy\ssp\inc\driver\instances" -std=c99 -MMD -MP -MF"synergy/ssp/src/bsp/mcu/all/bsp_locking.d" -MT"synergy/ssp/src/bsp/mcu/all/bsp_locking.o" -c -o "synergy/ssp/src/bsp/mcu/all/bsp_locking.o" -x c "../synergy/ssp/src/bsp/mcu/all/bsp_locking.c"
' '
C:\Renesas\Synergy\e2studio_v6.2.0_ssp_v1.4.0\eclipse\/../\Utilities\\/isdebuild arm-none-eabi-gcc -mcpu=cortex-m4 -mthumb -mfloat-abi=hard -mfpu=fpv4-sp-d16 -O2 -fmessage-length=0 -fsigned-char -ffunction-sections -fdata-sections -Wunused -Wuninitialized -Wall -Wextra -Wmissing-declarations -Wconversion -Wpointer-arith -Wshadow -Wlogical-op -Waggregate-return -Wfloat-equal  -g3 -D_RENESAS_SYNERGY_ -I"C:\Users\rmend\Desktop\Diplomado SW\4.2 Perifericos\Perifericos\src" -I"C:\Users\rmend\Desktop\Diplomado SW\4.2 Perifericos\Perifericos\src\synergy_gen" -I"C:\Users\rmend\Desktop\Diplomado SW\4.2 Perifericos\Perifericos\synergy_cfg\ssp_cfg\bsp" -I"C:\Users\rmend\Desktop\Diplomado SW\4.2 Perifericos\Perifericos\synergy_cfg\ssp_cfg\driver" -I"C:\Users\rmend\Desktop\Diplomado SW\4.2 Perifericos\Perifericos\synergy\ssp\inc" -I"C:\Users\rmend\Desktop\Diplomado SW\4.2 Perifericos\Perifericos\synergy\ssp\inc\bsp" -I"C:\Users\rmend\Desktop\Diplomado SW\4.2 Perifericos\Perifericos\synergy\ssp\inc\bsp\cmsis\Include" -I"C:\Users\rmend\Desktop\Diplomado SW\4.2 Perifericos\Perifericos\synergy\ssp\inc\driver\api" -I"C:\Users\rmend\Desktop\Diplomado SW\4.2 Perifericos\Perifericos\synergy\ssp\inc\driver\instances" -std=c99 -MMD -MP -MF"synergy/ssp/src/bsp/mcu/all/bsp_register_protection.d" -MT"synergy/ssp/src/bsp/mcu/all/bsp_register_protection.o" -c -o "synergy/ssp/src/bsp/mcu/all/bsp_register_protection.o" -x c "../synergy/ssp/src/bsp/mcu/all/bsp_register_protection.c"
'Building file: ../synergy/ssp/src/bsp/mcu/all/bsp_sbrk.c'
'Finished building: ../synergy/ssp/src/bsp/mcu/all/bsp_delay.c'
'Invoking: Cross ARM C Compiler'
C:\Renesas\Synergy\e2studio_v6.2.0_ssp_v1.4.0\eclipse\/../\Utilities\\/isdebuild arm-none-eabi-gcc -mcpu=cortex-m4 -mthumb -mfloat-abi=hard -mfpu=fpv4-sp-d16 -O2 -fmessage-length=0 -fsigned-char -ffunction-sections -fdata-sections -Wunused -Wuninitialized -Wall -Wextra -Wmissing-declarations -Wconversion -Wpointer-arith -Wshadow -Wlogical-op -Waggregate-return -Wfloat-equal  -g3 -D_RENESAS_SYNERGY_ -I"C:\Users\rmend\Desktop\Diplomado SW\4.2 Perifericos\Perifericos\src" -I"C:\Users\rmend\Desktop\Diplomado SW\4.2 Perifericos\Perifericos\src\synergy_gen" -I"C:\Users\rmend\Desktop\Diplomado SW\4.2 Perifericos\Perifericos\synergy_cfg\ssp_cfg\bsp" -I"C:\Users\rmend\Desktop\Diplomado SW\4.2 Perifericos\Perifericos\synergy_cfg\ssp_cfg\driver" -I"C:\Users\rmend\Desktop\Diplomado SW\4.2 Perifericos\Perifericos\synergy\ssp\inc" -I"C:\Users\rmend\Desktop\Diplomado SW\4.2 Perifericos\Perifericos\synergy\ssp\inc\bsp" -I"C:\Users\rmend\Desktop\Diplomado SW\4.2 Perifericos\Perifericos\synergy\ssp\inc\bsp\cmsis\Include" -I"C:\Users\rmend\Desktop\Diplomado SW\4.2 Perifericos\Perifericos\synergy\ssp\inc\driver\api" -I"C:\Users\rmend\Desktop\Diplomado SW\4.2 Perifericos\Perifericos\synergy\ssp\inc\driver\instances" -std=c99 -MMD -MP -MF"synergy/ssp/src/bsp/mcu/all/bsp_sbrk.d" -MT"synergy/ssp/src/bsp/mcu/all/bsp_sbrk.o" -c -o "synergy/ssp/src/bsp/mcu/all/bsp_sbrk.o" -x c "../synergy/ssp/src/bsp/mcu/all/bsp_sbrk.c"
' '
'Finished building: ../synergy/ssp/src/bsp/mcu/all/bsp_irq.c'
'Building file: ../synergy/ssp/src/bsp/cmsis/Device/RENESAS/S7G2/Source/startup_S7G2.c'
' '
'Invoking: Cross ARM C Compiler'
C:\Renesas\Synergy\e2studio_v6.2.0_ssp_v1.4.0\eclipse\/../\Utilities\\/isdebuild arm-none-eabi-gcc -mcpu=cortex-m4 -mthumb -mfloat-abi=hard -mfpu=fpv4-sp-d16 -O2 -fmessage-length=0 -fsigned-char -ffunction-sections -fdata-sections -Wunused -Wuninitialized -Wall -Wextra -Wmissing-declarations -Wconversion -Wpointer-arith -Wshadow -Wlogical-op -Waggregate-return -Wfloat-equal  -g3 -D_RENESAS_SYNERGY_ -I"C:\Users\rmend\Desktop\Diplomado SW\4.2 Perifericos\Perifericos\src" -I"C:\Users\rmend\Desktop\Diplomado SW\4.2 Perifericos\Perifericos\src\synergy_gen" -I"C:\Users\rmend\Desktop\Diplomado SW\4.2 Perifericos\Perifericos\synergy_cfg\ssp_cfg\bsp" -I"C:\Users\rmend\Desktop\Diplomado SW\4.2 Perifericos\Perifericos\synergy_cfg\ssp_cfg\driver" -I"C:\Users\rmend\Desktop\Diplomado SW\4.2 Perifericos\Perifericos\synergy\ssp\inc" -I"C:\Users\rmend\Desktop\Diplomado SW\4.2 Perifericos\Perifericos\synergy\ssp\inc\bsp" -I"C:\Users\rmend\Desktop\Diplomado SW\4.2 Perifericos\Perifericos\synergy\ssp\inc\bsp\cmsis\Include" -I"C:\Users\rmend\Desktop\Diplomado SW\4.2 Perifericos\Perifericos\synergy\ssp\inc\driver\api" -I"C:\Users\rmend\Desktop\Diplomado SW\4.2 Perifericos\Perifericos\synergy\ssp\inc\driver\instances" -std=c99 -MMD -MP -MF"synergy/ssp/src/bsp/cmsis/Device/RENESAS/S7G2/Source/startup_S7G2.d" -MT"synergy/ssp/src/bsp/cmsis/Device/RENESAS/S7G2/Source/startup_S7G2.o" -c -o "synergy/ssp/src/bsp/cmsis/Device/RENESAS/S7G2/Source/startup_S7G2.o" -x c "../synergy/ssp/src/bsp/cmsis/Device/RENESAS/S7G2/Source/startup_S7G2.c"
'Building file: ../synergy/ssp/src/bsp/cmsis/Device/RENESAS/S7G2/Source/system_S7G2.c'
'Building file: ../synergy/board/s7g2_sk/bsp_init.c'
'Invoking: Cross ARM C Compiler'
C:\Renesas\Synergy\e2studio_v6.2.0_ssp_v1.4.0\eclipse\/../\Utilities\\/isdebuild arm-none-eabi-gcc -mcpu=cortex-m4 -mthumb -mfloat-abi=hard -mfpu=fpv4-sp-d16 -O2 -fmessage-length=0 -fsigned-char -ffunction-sections -fdata-sections -Wunused -Wuninitialized -Wall -Wextra -Wmissing-declarations -Wconversion -Wpointer-arith -Wshadow -Wlogical-op -Waggregate-return -Wfloat-equal  -g3 -D_RENESAS_SYNERGY_ -I"C:\Users\rmend\Desktop\Diplomado SW\4.2 Perifericos\Perifericos\src" -I"C:\Users\rmend\Desktop\Diplomado SW\4.2 Perifericos\Perifericos\src\synergy_gen" -I"C:\Users\rmend\Desktop\Diplomado SW\4.2 Perifericos\Perifericos\synergy_cfg\ssp_cfg\bsp" -I"C:\Users\rmend\Desktop\Diplomado SW\4.2 Perifericos\Perifericos\synergy_cfg\ssp_cfg\driver" -I"C:\Users\rmend\Desktop\Diplomado SW\4.2 Perifericos\Perifericos\synergy\ssp\inc" -I"C:\Users\rmend\Desktop\Diplomado SW\4.2 Perifericos\Perifericos\synergy\ssp\inc\bsp" -I"C:\Users\rmend\Desktop\Diplomado SW\4.2 Perifericos\Perifericos\synergy\ssp\inc\bsp\cmsis\Include" -I"C:\Users\rmend\Desktop\Diplomado SW\4.2 Perifericos\Perifericos\synergy\ssp\inc\driver\api" -I"C:\Users\rmend\Desktop\Diplomado SW\4.2 Perifericos\Perifericos\synergy\ssp\inc\driver\instances" -std=c99 -MMD -MP -MF"synergy/ssp/src/bsp/cmsis/Device/RENESAS/S7G2/Source/system_S7G2.d" -MT"synergy/ssp/src/bsp/cmsis/Device/RENESAS/S7G2/Source/system_S7G2.o" -c -o "synergy/ssp/src/bsp/cmsis/Device/RENESAS/S7G2/Source/system_S7G2.o" -x c "../synergy/ssp/src/bsp/cmsis/Device/RENESAS/S7G2/Source/system_S7G2.c"
'Invoking: Cross ARM C Compiler'
C:\Renesas\Synergy\e2studio_v6.2.0_ssp_v1.4.0\eclipse\/../\Utilities\\/isdebuild arm-none-eabi-gcc -mcpu=cortex-m4 -mthumb -mfloat-abi=hard -mfpu=fpv4-sp-d16 -O2 -fmessage-length=0 -fsigned-char -ffunction-sections -fdata-sections -Wunused -Wuninitialized -Wall -Wextra -Wmissing-declarations -Wconversion -Wpointer-arith -Wshadow -Wlogical-op -Waggregate-return -Wfloat-equal  -g3 -D_RENESAS_SYNERGY_ -I"C:\Users\rmend\Desktop\Diplomado SW\4.2 Perifericos\Perifericos\src" -I"C:\Users\rmend\Desktop\Diplomado SW\4.2 Perifericos\Perifericos\src\synergy_gen" -I"C:\Users\rmend\Desktop\Diplomado SW\4.2 Perifericos\Perifericos\synergy_cfg\ssp_cfg\bsp" -I"C:\Users\rmend\Desktop\Diplomado SW\4.2 Perifericos\Perifericos\synergy_cfg\ssp_cfg\driver" -I"C:\Users\rmend\Desktop\Diplomado SW\4.2 Perifericos\Perifericos\synergy\ssp\inc" -I"C:\Users\rmend\Desktop\Diplomado SW\4.2 Perifericos\Perifericos\synergy\ssp\inc\bsp" -I"C:\Users\rmend\Desktop\Diplomado SW\4.2 Perifericos\Perifericos\synergy\ssp\inc\bsp\cmsis\Include" -I"C:\Users\rmend\Desktop\Diplomado SW\4.2 Perifericos\Perifericos\synergy\ssp\inc\driver\api" -I"C:\Users\rmend\Desktop\Diplomado SW\4.2 Perifericos\Perifericos\synergy\ssp\inc\driver\instances" -std=c99 -MMD -MP -MF"synergy/board/s7g2_sk/bsp_init.d" -MT"synergy/board/s7g2_sk/bsp_init.o" -c -o "synergy/board/s7g2_sk/bsp_init.o" -x c "../synergy/board/s7g2_sk/bsp_init.c"
'Finished building: ../synergy/ssp/src/bsp/mcu/all/bsp_register_protection.c'
'Building file: ../synergy/board/s7g2_sk/bsp_leds.c'
'Finished building: ../synergy/ssp/src/bsp/mcu/all/bsp_locking.c'
' '
'Invoking: Cross ARM C Compiler'
C:\Renesas\Synergy\e2studio_v6.2.0_ssp_v1.4.0\eclipse\/../\Utilities\\/isdebuild arm-none-eabi-gcc -mcpu=cortex-m4 -mthumb -mfloat-abi=hard -mfpu=fpv4-sp-d16 -O2 -fmessage-length=0 -fsigned-char -ffunction-sections -fdata-sections -Wunused -Wuninitialized -Wall -Wextra -Wmissing-declarations -Wconversion -Wpointer-arith -Wshadow -Wlogical-op -Waggregate-return -Wfloat-equal  -g3 -D_RENESAS_SYNERGY_ -I"C:\Users\rmend\Desktop\Diplomado SW\4.2 Perifericos\Perifericos\src" -I"C:\Users\rmend\Desktop\Diplomado SW\4.2 Perifericos\Perifericos\src\synergy_gen" -I"C:\Users\rmend\Desktop\Diplomado SW\4.2 Perifericos\Perifericos\synergy_cfg\ssp_cfg\bsp" -I"C:\Users\rmend\Desktop\Diplomado SW\4.2 Perifericos\Perifericos\synergy_cfg\ssp_cfg\driver" -I"C:\Users\rmend\Desktop\Diplomado SW\4.2 Perifericos\Perifericos\synergy\ssp\inc" -I"C:\Users\rmend\Desktop\Diplomado SW\4.2 Perifericos\Perifericos\synergy\ssp\inc\bsp" -I"C:\Users\rmend\Desktop\Diplomado SW\4.2 Perifericos\Perifericos\synergy\ssp\inc\bsp\cmsis\Include" -I"C:\Users\rmend\Desktop\Diplomado SW\4.2 Perifericos\Perifericos\synergy\ssp\inc\driver\api" -I"C:\Users\rmend\Desktop\Diplomado SW\4.2 Perifericos\Perifericos\synergy\ssp\inc\driver\instances" -std=c99 -MMD -MP -MF"synergy/board/s7g2_sk/bsp_leds.d" -MT"synergy/board/s7g2_sk/bsp_leds.o" -c -o "synergy/board/s7g2_sk/bsp_leds.o" -x c "../synergy/board/s7g2_sk/bsp_leds.c"
' '
'Building file: ../synergy/board/s7g2_sk/bsp_qspi.c'
'Building file: ../src/synergy_gen/common_data.c'
'Invoking: Cross ARM C Compiler'
'Building file: ../src/synergy_gen/hal_data.c'
'Finished building: ../synergy/ssp/src/bsp/mcu/all/bsp_sbrk.c'
'Finished building: ../synergy/ssp/src/bsp/cmsis/Device/RENESAS/S7G2/Source/startup_S7G2.c'
'Invoking: Cross ARM C Compiler'
'Finished building: ../synergy/board/s7g2_sk/bsp_init.c'
C:\Renesas\Synergy\e2studio_v6.2.0_ssp_v1.4.0\eclipse\/../\Utilities\\/isdebuild arm-none-eabi-gcc -mcpu=cortex-m4 -mthumb -mfloat-abi=hard -mfpu=fpv4-sp-d16 -O2 -fmessage-length=0 -fsigned-char -ffunction-sections -fdata-sections -Wunused -Wuninitialized -Wall -Wextra -Wmissing-declarations -Wconversion -Wpointer-arith -Wshadow -Wlogical-op -Waggregate-return -Wfloat-equal  -g3 -D_RENESAS_SYNERGY_ -I"C:\Users\rmend\Desktop\Diplomado SW\4.2 Perifericos\Perifericos\src" -I"C:\Users\rmend\Desktop\Diplomado SW\4.2 Perifericos\Perifericos\src\synergy_gen" -I"C:\Users\rmend\Desktop\Diplomado SW\4.2 Perifericos\Perifericos\synergy_cfg\ssp_cfg\bsp" -I"C:\Users\rmend\Desktop\Diplomado SW\4.2 Perifericos\Perifericos\synergy_cfg\ssp_cfg\driver" -I"C:\Users\rmend\Desktop\Diplomado SW\4.2 Perifericos\Perifericos\synergy\ssp\inc" -I"C:\Users\rmend\Desktop\Diplomado SW\4.2 Perifericos\Perifericos\synergy\ssp\inc\bsp" -I"C:\Users\rmend\Desktop\Diplomado SW\4.2 Perifericos\Perifericos\synergy\ssp\inc\bsp\cmsis\Include" -I"C:\Users\rmend\Desktop\Diplomado SW\4.2 Perifericos\Perifericos\synergy\ssp\inc\driver\api" -I"C:\Users\rmend\Desktop\Diplomado SW\4.2 Perifericos\Perifericos\synergy\ssp\inc\driver\instances" -std=c99 -MMD -MP -MF"synergy/board/s7g2_sk/bsp_qspi.d" -MT"synergy/board/s7g2_sk/bsp_qspi.o" -c -o "synergy/board/s7g2_sk/bsp_qspi.o" -x c "../synergy/board/s7g2_sk/bsp_qspi.c"
'Finished building: ../synergy/ssp/src/bsp/cmsis/Device/RENESAS/S7G2/Source/system_S7G2.c'
'Invoking: Cross ARM C Compiler'
' '
' '
C:\Renesas\Synergy\e2studio_v6.2.0_ssp_v1.4.0\eclipse\/../\Utilities\\/isdebuild arm-none-eabi-gcc -mcpu=cortex-m4 -mthumb -mfloat-abi=hard -mfpu=fpv4-sp-d16 -O2 -fmessage-length=0 -fsigned-char -ffunction-sections -fdata-sections -Wunused -Wuninitialized -Wall -Wextra -Wmissing-declarations -Wconversion -Wpointer-arith -Wshadow -Wlogical-op -Waggregate-return -Wfloat-equal  -g3 -D_RENESAS_SYNERGY_ -I"C:\Users\rmend\Desktop\Diplomado SW\4.2 Perifericos\Perifericos\src" -I"C:\Users\rmend\Desktop\Diplomado SW\4.2 Perifericos\Perifericos\src\synergy_gen" -I"C:\Users\rmend\Desktop\Diplomado SW\4.2 Perifericos\Perifericos\synergy_cfg\ssp_cfg\bsp" -I"C:\Users\rmend\Desktop\Diplomado SW\4.2 Perifericos\Perifericos\synergy_cfg\ssp_cfg\driver" -I"C:\Users\rmend\Desktop\Diplomado SW\4.2 Perifericos\Perifericos\synergy\ssp\inc" -I"C:\Users\rmend\Desktop\Diplomado SW\4.2 Perifericos\Perifericos\synergy\ssp\inc\bsp" -I"C:\Users\rmend\Desktop\Diplomado SW\4.2 Perifericos\Perifericos\synergy\ssp\inc\bsp\cmsis\Include" -I"C:\Users\rmend\Desktop\Diplomado SW\4.2 Perifericos\Perifericos\synergy\ssp\inc\driver\api" -I"C:\Users\rmend\Desktop\Diplomado SW\4.2 Perifericos\Perifericos\synergy\ssp\inc\driver\instances" -std=c99 -MMD -MP -MF"src/synergy_gen/common_data.d" -MT"src/synergy_gen/common_data.o" -c -o "src/synergy_gen/common_data.o" -x c "../src/synergy_gen/common_data.c"
'Finished building: ../synergy/board/s7g2_sk/bsp_leds.c'
' '
C:\Renesas\Synergy\e2studio_v6.2.0_ssp_v1.4.0\eclipse\/../\Utilities\\/isdebuild arm-none-eabi-gcc -mcpu=cortex-m4 -mthumb -mfloat-abi=hard -mfpu=fpv4-sp-d16 -O2 -fmessage-length=0 -fsigned-char -ffunction-sections -fdata-sections -Wunused -Wuninitialized -Wall -Wextra -Wmissing-declarations -Wconversion -Wpointer-arith -Wshadow -Wlogical-op -Waggregate-return -Wfloat-equal  -g3 -D_RENESAS_SYNERGY_ -I"C:\Users\rmend\Desktop\Diplomado SW\4.2 Perifericos\Perifericos\src" -I"C:\Users\rmend\Desktop\Diplomado SW\4.2 Perifericos\Perifericos\src\synergy_gen" -I"C:\Users\rmend\Desktop\Diplomado SW\4.2 Perifericos\Perifericos\synergy_cfg\ssp_cfg\bsp" -I"C:\Users\rmend\Desktop\Diplomado SW\4.2 Perifericos\Perifericos\synergy_cfg\ssp_cfg\driver" -I"C:\Users\rmend\Desktop\Diplomado SW\4.2 Perifericos\Perifericos\synergy\ssp\inc" -I"C:\Users\rmend\Desktop\Diplomado SW\4.2 Perifericos\Perifericos\synergy\ssp\inc\bsp" -I"C:\Users\rmend\Desktop\Diplomado SW\4.2 Perifericos\Perifericos\synergy\ssp\inc\bsp\cmsis\Include" -I"C:\Users\rmend\Desktop\Diplomado SW\4.2 Perifericos\Perifericos\synergy\ssp\inc\driver\api" -I"C:\Users\rmend\Desktop\Diplomado SW\4.2 Perifericos\Perifericos\synergy\ssp\inc\driver\instances" -std=c99 -MMD -MP -MF"src/synergy_gen/hal_data.d" -MT"src/synergy_gen/hal_data.o" -c -o "src/synergy_gen/hal_data.o" -x c "../src/synergy_gen/hal_data.c"
' '
' '
'Building file: ../src/synergy_gen/main.c'
'Building file: ../src/synergy_gen/pin_data.c'
'Invoking: Cross ARM C Compiler'
C:\Renesas\Synergy\e2studio_v6.2.0_ssp_v1.4.0\eclipse\/../\Utilities\\/isdebuild arm-none-eabi-gcc -mcpu=cortex-m4 -mthumb -mfloat-abi=hard -mfpu=fpv4-sp-d16 -O2 -fmessage-length=0 -fsigned-char -ffunction-sections -fdata-sections -Wunused -Wuninitialized -Wall -Wextra -Wmissing-declarations -Wconversion -Wpointer-arith -Wshadow -Wlogical-op -Waggregate-return -Wfloat-equal  -g3 -D_RENESAS_SYNERGY_ -I"C:\Users\rmend\Desktop\Diplomado SW\4.2 Perifericos\Perifericos\src" -I"C:\Users\rmend\Desktop\Diplomado SW\4.2 Perifericos\Perifericos\src\synergy_gen" -I"C:\Users\rmend\Desktop\Diplomado SW\4.2 Perifericos\Perifericos\synergy_cfg\ssp_cfg\bsp" -I"C:\Users\rmend\Desktop\Diplomado SW\4.2 Perifericos\Perifericos\synergy_cfg\ssp_cfg\driver" -I"C:\Users\rmend\Desktop\Diplomado SW\4.2 Perifericos\Perifericos\synergy\ssp\inc" -I"C:\Users\rmend\Desktop\Diplomado SW\4.2 Perifericos\Perifericos\synergy\ssp\inc\bsp" -I"C:\Users\rmend\Desktop\Diplomado SW\4.2 Perifericos\Perifericos\synergy\ssp\inc\bsp\cmsis\Include" -I"C:\Users\rmend\Desktop\Diplomado SW\4.2 Perifericos\Perifericos\synergy\ssp\inc\driver\api" -I"C:\Users\rmend\Desktop\Diplomado SW\4.2 Perifericos\Perifericos\synergy\ssp\inc\driver\instances" -std=c99 -MMD -MP -MF"src/synergy_gen/main.d" -MT"src/synergy_gen/main.o" -c -o "src/synergy_gen/main.o" -x c "../src/synergy_gen/main.c"
'Invoking: Cross ARM C Compiler'
C:\Renesas\Synergy\e2studio_v6.2.0_ssp_v1.4.0\eclipse\/../\Utilities\\/isdebuild arm-none-eabi-gcc -mcpu=cortex-m4 -mthumb -mfloat-abi=hard -mfpu=fpv4-sp-d16 -O2 -fmessage-length=0 -fsigned-char -ffunction-sections -fdata-sections -Wunused -Wuninitialized -Wall -Wextra -Wmissing-declarations -Wconversion -Wpointer-arith -Wshadow -Wlogical-op -Waggregate-return -Wfloat-equal  -g3 -D_RENESAS_SYNERGY_ -I"C:\Users\rmend\Desktop\Diplomado SW\4.2 Perifericos\Perifericos\src" -I"C:\Users\rmend\Desktop\Diplomado SW\4.2 Perifericos\Perifericos\src\synergy_gen" -I"C:\Users\rmend\Desktop\Diplomado SW\4.2 Perifericos\Perifericos\synergy_cfg\ssp_cfg\bsp" -I"C:\Users\rmend\Desktop\Diplomado SW\4.2 Perifericos\Perifericos\synergy_cfg\ssp_cfg\driver" -I"C:\Users\rmend\Desktop\Diplomado SW\4.2 Perifericos\Perifericos\synergy\ssp\inc" -I"C:\Users\rmend\Desktop\Diplomado SW\4.2 Perifericos\Perifericos\synergy\ssp\inc\bsp" -I"C:\Users\rmend\Desktop\Diplomado SW\4.2 Perifericos\Perifericos\synergy\ssp\inc\bsp\cmsis\Include" -I"C:\Users\rmend\Desktop\Diplomado SW\4.2 Perifericos\Perifericos\synergy\ssp\inc\driver\api" -I"C:\Users\rmend\Desktop\Diplomado SW\4.2 Perifericos\Perifericos\synergy\ssp\inc\driver\instances" -std=c99 -MMD -MP -MF"src/synergy_gen/pin_data.d" -MT"src/synergy_gen/pin_data.o" -c -o "src/synergy_gen/pin_data.o" -x c "../src/synergy_gen/pin_data.c"
'Building file: ../src/hal_entry.c'
'Finished building: ../synergy/board/s7g2_sk/bsp_qspi.c'
'Finished building: ../src/synergy_gen/common_data.c'
'Finished building: ../src/synergy_gen/hal_data.c'
'Finished building: ../src/synergy_gen/main.c'
'Invoking: Cross ARM C Compiler'
' '
' '
' '
'Finished building: ../src/synergy_gen/pin_data.c'
C:\Renesas\Synergy\e2studio_v6.2.0_ssp_v1.4.0\eclipse\/../\Utilities\\/isdebuild arm-none-eabi-gcc -mcpu=cortex-m4 -mthumb -mfloat-abi=hard -mfpu=fpv4-sp-d16 -O2 -fmessage-length=0 -fsigned-char -ffunction-sections -fdata-sections -Wunused -Wuninitialized -Wall -Wextra -Wmissing-declarations -Wconversion -Wpointer-arith -Wshadow -Wlogical-op -Waggregate-return -Wfloat-equal  -g3 -D_RENESAS_SYNERGY_ -I"C:\Users\rmend\Desktop\Diplomado SW\4.2 Perifericos\Perifericos\src" -I"C:\Users\rmend\Desktop\Diplomado SW\4.2 Perifericos\Perifericos\src\synergy_gen" -I"C:\Users\rmend\Desktop\Diplomado SW\4.2 Perifericos\Perifericos\synergy_cfg\ssp_cfg\bsp" -I"C:\Users\rmend\Desktop\Diplomado SW\4.2 Perifericos\Perifericos\synergy_cfg\ssp_cfg\driver" -I"C:\Users\rmend\Desktop\Diplomado SW\4.2 Perifericos\Perifericos\synergy\ssp\inc" -I"C:\Users\rmend\Desktop\Diplomado SW\4.2 Perifericos\Perifericos\synergy\ssp\inc\bsp" -I"C:\Users\rmend\Desktop\Diplomado SW\4.2 Perifericos\Perifericos\synergy\ssp\inc\bsp\cmsis\Include" -I"C:\Users\rmend\Desktop\Diplomado SW\4.2 Perifericos\Perifericos\synergy\ssp\inc\driver\api" -I"C:\Users\rmend\Desktop\Diplomado SW\4.2 Perifericos\Perifericos\synergy\ssp\inc\driver\instances" -std=c99 -MMD -MP -MF"src/hal_entry.d" -MT"src/hal_entry.o" -c -o "src/hal_entry.o" -x c "../src/hal_entry.c"
' '
' '
'Building file: ../src/mainTick.c'
'Invoking: Cross ARM C Compiler'
C:\Renesas\Synergy\e2studio_v6.2.0_ssp_v1.4.0\eclipse\/../\Utilities\\/isdebuild arm-none-eabi-gcc -mcpu=cortex-m4 -mthumb -mfloat-abi=hard -mfpu=fpv4-sp-d16 -O2 -fmessage-length=0 -fsigned-char -ffunction-sections -fdata-sections -Wunused -Wuninitialized -Wall -Wextra -Wmissing-declarations -Wconversion -Wpointer-arith -Wshadow -Wlogical-op -Waggregate-return -Wfloat-equal  -g3 -D_RENESAS_SYNERGY_ -I"C:\Users\rmend\Desktop\Diplomado SW\4.2 Perifericos\Perifericos\src" -I"C:\Users\rmend\Desktop\Diplomado SW\4.2 Perifericos\Perifericos\src\synergy_gen" -I"C:\Users\rmend\Desktop\Diplomado SW\4.2 Perifericos\Perifericos\synergy_cfg\ssp_cfg\bsp" -I"C:\Users\rmend\Desktop\Diplomado SW\4.2 Perifericos\Perifericos\synergy_cfg\ssp_cfg\driver" -I"C:\Users\rmend\Desktop\Diplomado SW\4.2 Perifericos\Perifericos\synergy\ssp\inc" -I"C:\Users\rmend\Desktop\Diplomado SW\4.2 Perifericos\Perifericos\synergy\ssp\inc\bsp" -I"C:\Users\rmend\Desktop\Diplomado SW\4.2 Perifericos\Perifericos\synergy\ssp\inc\bsp\cmsis\Include" -I"C:\Users\rmend\Desktop\Diplomado SW\4.2 Perifericos\Perifericos\synergy\ssp\inc\driver\api" -I"C:\Users\rmend\Desktop\Diplomado SW\4.2 Perifericos\Perifericos\synergy\ssp\inc\driver\instances" -std=c99 -MMD -MP -MF"src/mainTick.d" -MT"src/mainTick.o" -c -o "src/mainTick.o" -x c "../src/mainTick.c"
'Finished building: ../src/hal_entry.c'
' '
'Finished building: ../src/mainTick.c'
' '
'Building target: Perifericos.elf'
'Invoking: Cross ARM C Linker'
arm-none-eabi-gcc @"Perifericos.elf.in"
'Finished building target: Perifericos.elf'
' '
'Invoking: Cross ARM GNU Create Flash Image'
arm-none-eabi-objcopy -O srec "Perifericos.elf"  "Perifericos.srec"
'Invoking: Cross ARM GNU Print Size'
arm-none-eabi-size --format=berkeley "Perifericos.elf"
   text	   data	    bss	    dec	    hex	filename
  21268	    124	   8416	  29808	   7470	Perifericos.elf
'Finished building: Perifericos.srec'
'Finished building: Perifericos.siz'
' '
' '
Extracting support files...
10:28:45 **** Incremental Build of configuration Debug for project Perifericos ****
make -j8 all 
'Building file: ../synergy/ssp/src/driver/r_ioport/r_ioport.c'
'Building file: ../synergy/ssp/src/driver/r_gpt/r_gpt.c'
'Invoking: Cross ARM C Compiler'
C:\Renesas\Synergy\e2studio_v6.2.0_ssp_v1.4.0\eclipse\/../\Utilities\\/isdebuild arm-none-eabi-gcc -mcpu=cortex-m4 -mthumb -mfloat-abi=hard -mfpu=fpv4-sp-d16 -O2 -fmessage-length=0 -fsigned-char -ffunction-sections -fdata-sections -Wunused -Wuninitialized -Wall -Wextra -Wmissing-declarations -Wconversion -Wpointer-arith -Wshadow -Wlogical-op -Waggregate-return -Wfloat-equal  -g3 -D_RENESAS_SYNERGY_ -I"C:\Users\rmend\Desktop\Diplomado SW\4.2 Perifericos\Perifericos\src" -I"C:\Users\rmend\Desktop\Diplomado SW\4.2 Perifericos\Perifericos\src\synergy_gen" -I"C:\Users\rmend\Desktop\Diplomado SW\4.2 Perifericos\Perifericos\synergy_cfg\ssp_cfg\bsp" -I"C:\Users\rmend\Desktop\Diplomado SW\4.2 Perifericos\Perifericos\synergy_cfg\ssp_cfg\driver" -I"C:\Users\rmend\Desktop\Diplomado SW\4.2 Perifericos\Perifericos\synergy\ssp\inc" -I"C:\Users\rmend\Desktop\Diplomado SW\4.2 Perifericos\Perifericos\synergy\ssp\inc\bsp" -I"C:\Users\rmend\Desktop\Diplomado SW\4.2 Perifericos\Perifericos\synergy\ssp\inc\bsp\cmsis\Include" -I"C:\Users\rmend\Desktop\Diplomado SW\4.2 Perifericos\Perifericos\synergy\ssp\inc\driver\api" -I"C:\Users\rmend\Desktop\Diplomado SW\4.2 Perifericos\Perifericos\synergy\ssp\inc\driver\instances" -std=c99 -MMD -MP -MF"synergy/ssp/src/driver/r_ioport/r_ioport.d" -MT"synergy/ssp/src/driver/r_ioport/r_ioport.o" -c -o "synergy/ssp/src/driver/r_ioport/r_ioport.o" -x c "../synergy/ssp/src/driver/r_ioport/r_ioport.c"
'Invoking: Cross ARM C Compiler'
C:\Renesas\Synergy\e2studio_v6.2.0_ssp_v1.4.0\eclipse\/../\Utilities\\/isdebuild arm-none-eabi-gcc -mcpu=cortex-m4 -mthumb -mfloat-abi=hard -mfpu=fpv4-sp-d16 -O2 -fmessage-length=0 -fsigned-char -ffunction-sections -fdata-sections -Wunused -Wuninitialized -Wall -Wextra -Wmissing-declarations -Wconversion -Wpointer-arith -Wshadow -Wlogical-op -Waggregate-return -Wfloat-equal  -g3 -D_RENESAS_SYNERGY_ -I"C:\Users\rmend\Desktop\Diplomado SW\4.2 Perifericos\Perifericos\src" -I"C:\Users\rmend\Desktop\Diplomado SW\4.2 Perifericos\Perifericos\src\synergy_gen" -I"C:\Users\rmend\Desktop\Diplomado SW\4.2 Perifericos\Perifericos\synergy_cfg\ssp_cfg\bsp" -I"C:\Users\rmend\Desktop\Diplomado SW\4.2 Perifericos\Perifericos\synergy_cfg\ssp_cfg\driver" -I"C:\Users\rmend\Desktop\Diplomado SW\4.2 Perifericos\Perifericos\synergy\ssp\inc" -I"C:\Users\rmend\Desktop\Diplomado SW\4.2 Perifericos\Perifericos\synergy\ssp\inc\bsp" -I"C:\Users\rmend\Desktop\Diplomado SW\4.2 Perifericos\Perifericos\synergy\ssp\inc\bsp\cmsis\Include" -I"C:\Users\rmend\Desktop\Diplomado SW\4.2 Perifericos\Perifericos\synergy\ssp\inc\driver\api" -I"C:\Users\rmend\Desktop\Diplomado SW\4.2 Perifericos\Perifericos\synergy\ssp\inc\driver\instances" -std=c99 -MMD -MP -MF"synergy/ssp/src/driver/r_gpt/r_gpt.d" -MT"synergy/ssp/src/driver/r_gpt/r_gpt.o" -c -o "synergy/ssp/src/driver/r_gpt/r_gpt.o" -x c "../synergy/ssp/src/driver/r_gpt/r_gpt.c"
'Building file: ../synergy/ssp/src/driver/r_fmi/r_fmi.c'
'Building file: ../synergy/ssp/src/driver/r_elc/r_elc.c'
'Invoking: Cross ARM C Compiler'
C:\Renesas\Synergy\e2studio_v6.2.0_ssp_v1.4.0\eclipse\/../\Utilities\\/isdebuild arm-none-eabi-gcc -mcpu=cortex-m4 -mthumb -mfloat-abi=hard -mfpu=fpv4-sp-d16 -O2 -fmessage-length=0 -fsigned-char -ffunction-sections -fdata-sections -Wunused -Wuninitialized -Wall -Wextra -Wmissing-declarations -Wconversion -Wpointer-arith -Wshadow -Wlogical-op -Waggregate-return -Wfloat-equal  -g3 -D_RENESAS_SYNERGY_ -I"C:\Users\rmend\Desktop\Diplomado SW\4.2 Perifericos\Perifericos\src" -I"C:\Users\rmend\Desktop\Diplomado SW\4.2 Perifericos\Perifericos\src\synergy_gen" -I"C:\Users\rmend\Desktop\Diplomado SW\4.2 Perifericos\Perifericos\synergy_cfg\ssp_cfg\bsp" -I"C:\Users\rmend\Desktop\Diplomado SW\4.2 Perifericos\Perifericos\synergy_cfg\ssp_cfg\driver" -I"C:\Users\rmend\Desktop\Diplomado SW\4.2 Perifericos\Perifericos\synergy\ssp\inc" -I"C:\Users\rmend\Desktop\Diplomado SW\4.2 Perifericos\Perifericos\synergy\ssp\inc\bsp" -I"C:\Users\rmend\Desktop\Diplomado SW\4.2 Perifericos\Perifericos\synergy\ssp\inc\bsp\cmsis\Include" -I"C:\Users\rmend\Desktop\Diplomado SW\4.2 Perifericos\Perifericos\synergy\ssp\inc\driver\api" -I"C:\Users\rmend\Desktop\Diplomado SW\4.2 Perifericos\Perifericos\synergy\ssp\inc\driver\instances" -std=c99 -MMD -MP -MF"synergy/ssp/src/driver/r_fmi/r_fmi.d" -MT"synergy/ssp/src/driver/r_fmi/r_fmi.o" -c -o "synergy/ssp/src/driver/r_fmi/r_fmi.o" -x c "../synergy/ssp/src/driver/r_fmi/r_fmi.c"
'Invoking: Cross ARM C Compiler'
C:\Renesas\Synergy\e2studio_v6.2.0_ssp_v1.4.0\eclipse\/../\Utilities\\/isdebuild arm-none-eabi-gcc -mcpu=cortex-m4 -mthumb -mfloat-abi=hard -mfpu=fpv4-sp-d16 -O2 -fmessage-length=0 -fsigned-char -ffunction-sections -fdata-sections -Wunused -Wuninitialized -Wall -Wextra -Wmissing-declarations -Wconversion -Wpointer-arith -Wshadow -Wlogical-op -Waggregate-return -Wfloat-equal  -g3 -D_RENESAS_SYNERGY_ -I"C:\Users\rmend\Desktop\Diplomado SW\4.2 Perifericos\Perifericos\src" -I"C:\Users\rmend\Desktop\Diplomado SW\4.2 Perifericos\Perifericos\src\synergy_gen" -I"C:\Users\rmend\Desktop\Diplomado SW\4.2 Perifericos\Perifericos\synergy_cfg\ssp_cfg\bsp" -I"C:\Users\rmend\Desktop\Diplomado SW\4.2 Perifericos\Perifericos\synergy_cfg\ssp_cfg\driver" -I"C:\Users\rmend\Desktop\Diplomado SW\4.2 Perifericos\Perifericos\synergy\ssp\inc" -I"C:\Users\rmend\Desktop\Diplomado SW\4.2 Perifericos\Perifericos\synergy\ssp\inc\bsp" -I"C:\Users\rmend\Desktop\Diplomado SW\4.2 Perifericos\Perifericos\synergy\ssp\inc\bsp\cmsis\Include" -I"C:\Users\rmend\Desktop\Diplomado SW\4.2 Perifericos\Perifericos\synergy\ssp\inc\driver\api" -I"C:\Users\rmend\Desktop\Diplomado SW\4.2 Perifericos\Perifericos\synergy\ssp\inc\driver\instances" -std=c99 -MMD -MP -MF"synergy/ssp/src/driver/r_elc/r_elc.d" -MT"synergy/ssp/src/driver/r_elc/r_elc.o" -c -o "synergy/ssp/src/driver/r_elc/r_elc.o" -x c "../synergy/ssp/src/driver/r_elc/r_elc.c"
'Building file: ../synergy/ssp/src/driver/r_cgc/hw/hw_cgc.c'
'Building file: ../synergy/ssp/src/driver/r_cgc/r_cgc.c'
'Invoking: Cross ARM C Compiler'
C:\Renesas\Synergy\e2studio_v6.2.0_ssp_v1.4.0\eclipse\/../\Utilities\\/isdebuild arm-none-eabi-gcc -mcpu=cortex-m4 -mthumb -mfloat-abi=hard -mfpu=fpv4-sp-d16 -O2 -fmessage-length=0 -fsigned-char -ffunction-sections -fdata-sections -Wunused -Wuninitialized -Wall -Wextra -Wmissing-declarations -Wconversion -Wpointer-arith -Wshadow -Wlogical-op -Waggregate-return -Wfloat-equal  -g3 -D_RENESAS_SYNERGY_ -I"C:\Users\rmend\Desktop\Diplomado SW\4.2 Perifericos\Perifericos\src" -I"C:\Users\rmend\Desktop\Diplomado SW\4.2 Perifericos\Perifericos\src\synergy_gen" -I"C:\Users\rmend\Desktop\Diplomado SW\4.2 Perifericos\Perifericos\synergy_cfg\ssp_cfg\bsp" -I"C:\Users\rmend\Desktop\Diplomado SW\4.2 Perifericos\Perifericos\synergy_cfg\ssp_cfg\driver" -I"C:\Users\rmend\Desktop\Diplomado SW\4.2 Perifericos\Perifericos\synergy\ssp\inc" -I"C:\Users\rmend\Desktop\Diplomado SW\4.2 Perifericos\Perifericos\synergy\ssp\inc\bsp" -I"C:\Users\rmend\Desktop\Diplomado SW\4.2 Perifericos\Perifericos\synergy\ssp\inc\bsp\cmsis\Include" -I"C:\Users\rmend\Desktop\Diplomado SW\4.2 Perifericos\Perifericos\synergy\ssp\inc\driver\api" -I"C:\Users\rmend\Desktop\Diplomado SW\4.2 Perifericos\Perifericos\synergy\ssp\inc\driver\instances" -std=c99 -MMD -MP -MF"synergy/ssp/src/driver/r_cgc/hw/hw_cgc.d" -MT"synergy/ssp/src/driver/r_cgc/hw/hw_cgc.o" -c -o "synergy/ssp/src/driver/r_cgc/hw/hw_cgc.o" -x c "../synergy/ssp/src/driver/r_cgc/hw/hw_cgc.c"
'Invoking: Cross ARM C Compiler'
C:\Renesas\Synergy\e2studio_v6.2.0_ssp_v1.4.0\eclipse\/../\Utilities\\/isdebuild arm-none-eabi-gcc -mcpu=cortex-m4 -mthumb -mfloat-abi=hard -mfpu=fpv4-sp-d16 -O2 -fmessage-length=0 -fsigned-char -ffunction-sections -fdata-sections -Wunused -Wuninitialized -Wall -Wextra -Wmissing-declarations -Wconversion -Wpointer-arith -Wshadow -Wlogical-op -Waggregate-return -Wfloat-equal  -g3 -D_RENESAS_SYNERGY_ -I"C:\Users\rmend\Desktop\Diplomado SW\4.2 Perifericos\Perifericos\src" -I"C:\Users\rmend\Desktop\Diplomado SW\4.2 Perifericos\Perifericos\src\synergy_gen" -I"C:\Users\rmend\Desktop\Diplomado SW\4.2 Perifericos\Perifericos\synergy_cfg\ssp_cfg\bsp" -I"C:\Users\rmend\Desktop\Diplomado SW\4.2 Perifericos\Perifericos\synergy_cfg\ssp_cfg\driver" -I"C:\Users\rmend\Desktop\Diplomado SW\4.2 Perifericos\Perifericos\synergy\ssp\inc" -I"C:\Users\rmend\Desktop\Diplomado SW\4.2 Perifericos\Perifericos\synergy\ssp\inc\bsp" -I"C:\Users\rmend\Desktop\Diplomado SW\4.2 Perifericos\Perifericos\synergy\ssp\inc\bsp\cmsis\Include" -I"C:\Users\rmend\Desktop\Diplomado SW\4.2 Perifericos\Perifericos\synergy\ssp\inc\driver\api" -I"C:\Users\rmend\Desktop\Diplomado SW\4.2 Perifericos\Perifericos\synergy\ssp\inc\driver\instances" -std=c99 -MMD -MP -MF"synergy/ssp/src/driver/r_cgc/r_cgc.d" -MT"synergy/ssp/src/driver/r_cgc/r_cgc.o" -c -o "synergy/ssp/src/driver/r_cgc/r_cgc.o" -x c "../synergy/ssp/src/driver/r_cgc/r_cgc.c"
'Building file: ../synergy/ssp/src/bsp/mcu/s7g2/bsp_cache.c'
'Building file: ../synergy/ssp/src/bsp/mcu/s7g2/bsp_clocks.c'
'Invoking: Cross ARM C Compiler'
'Finished building: ../synergy/ssp/src/driver/r_ioport/r_ioport.c'
C:\Renesas\Synergy\e2studio_v6.2.0_ssp_v1.4.0\eclipse\/../\Utilities\\/isdebuild arm-none-eabi-gcc -mcpu=cortex-m4 -mthumb -mfloat-abi=hard -mfpu=fpv4-sp-d16 -O2 -fmessage-length=0 -fsigned-char -ffunction-sections -fdata-sections -Wunused -Wuninitialized -Wall -Wextra -Wmissing-declarations -Wconversion -Wpointer-arith -Wshadow -Wlogical-op -Waggregate-return -Wfloat-equal  -g3 -D_RENESAS_SYNERGY_ -I"C:\Users\rmend\Desktop\Diplomado SW\4.2 Perifericos\Perifericos\src" -I"C:\Users\rmend\Desktop\Diplomado SW\4.2 Perifericos\Perifericos\src\synergy_gen" -I"C:\Users\rmend\Desktop\Diplomado SW\4.2 Perifericos\Perifericos\synergy_cfg\ssp_cfg\bsp" -I"C:\Users\rmend\Desktop\Diplomado SW\4.2 Perifericos\Perifericos\synergy_cfg\ssp_cfg\driver" -I"C:\Users\rmend\Desktop\Diplomado SW\4.2 Perifericos\Perifericos\synergy\ssp\inc" -I"C:\Users\rmend\Desktop\Diplomado SW\4.2 Perifericos\Perifericos\synergy\ssp\inc\bsp" -I"C:\Users\rmend\Desktop\Diplomado SW\4.2 Perifericos\Perifericos\synergy\ssp\inc\bsp\cmsis\Include" -I"C:\Users\rmend\Desktop\Diplomado SW\4.2 Perifericos\Perifericos\synergy\ssp\inc\driver\api" -I"C:\Users\rmend\Desktop\Diplomado SW\4.2 Perifericos\Perifericos\synergy\ssp\inc\driver\instances" -std=c99 -MMD -MP -MF"synergy/ssp/src/bsp/mcu/s7g2/bsp_cache.d" -MT"synergy/ssp/src/bsp/mcu/s7g2/bsp_cache.o" -c -o "synergy/ssp/src/bsp/mcu/s7g2/bsp_cache.o" -x c "../synergy/ssp/src/bsp/mcu/s7g2/bsp_cache.c"
'Invoking: Cross ARM C Compiler'
C:\Renesas\Synergy\e2studio_v6.2.0_ssp_v1.4.0\eclipse\/../\Utilities\\/isdebuild arm-none-eabi-gcc -mcpu=cortex-m4 -mthumb -mfloat-abi=hard -mfpu=fpv4-sp-d16 -O2 -fmessage-length=0 -fsigned-char -ffunction-sections -fdata-sections -Wunused -Wuninitialized -Wall -Wextra -Wmissing-declarations -Wconversion -Wpointer-arith -Wshadow -Wlogical-op -Waggregate-return -Wfloat-equal  -g3 -D_RENESAS_SYNERGY_ -I"C:\Users\rmend\Desktop\Diplomado SW\4.2 Perifericos\Perifericos\src" -I"C:\Users\rmend\Desktop\Diplomado SW\4.2 Perifericos\Perifericos\src\synergy_gen" -I"C:\Users\rmend\Desktop\Diplomado SW\4.2 Perifericos\Perifericos\synergy_cfg\ssp_cfg\bsp" -I"C:\Users\rmend\Desktop\Diplomado SW\4.2 Perifericos\Perifericos\synergy_cfg\ssp_cfg\driver" -I"C:\Users\rmend\Desktop\Diplomado SW\4.2 Perifericos\Perifericos\synergy\ssp\inc" -I"C:\Users\rmend\Desktop\Diplomado SW\4.2 Perifericos\Perifericos\synergy\ssp\inc\bsp" -I"C:\Users\rmend\Desktop\Diplomado SW\4.2 Perifericos\Perifericos\synergy\ssp\inc\bsp\cmsis\Include" -I"C:\Users\rmend\Desktop\Diplomado SW\4.2 Perifericos\Perifericos\synergy\ssp\inc\driver\api" -I"C:\Users\rmend\Desktop\Diplomado SW\4.2 Perifericos\Perifericos\synergy\ssp\inc\driver\instances" -std=c99 -MMD -MP -MF"synergy/ssp/src/bsp/mcu/s7g2/bsp_clocks.d" -MT"synergy/ssp/src/bsp/mcu/s7g2/bsp_clocks.o" -c -o "synergy/ssp/src/bsp/mcu/s7g2/bsp_clocks.o" -x c "../synergy/ssp/src/bsp/mcu/s7g2/bsp_clocks.c"
' '
'Finished building: ../synergy/ssp/src/driver/r_gpt/r_gpt.c'
'Building file: ../synergy/ssp/src/bsp/mcu/s7g2/bsp_feature.c'
' '
'Invoking: Cross ARM C Compiler'
'Finished building: ../synergy/ssp/src/driver/r_elc/r_elc.c'
C:\Renesas\Synergy\e2studio_v6.2.0_ssp_v1.4.0\eclipse\/../\Utilities\\/isdebuild arm-none-eabi-gcc -mcpu=cortex-m4 -mthumb -mfloat-abi=hard -mfpu=fpv4-sp-d16 -O2 -fmessage-length=0 -fsigned-char -ffunction-sections -fdata-sections -Wunused -Wuninitialized -Wall -Wextra -Wmissing-declarations -Wconversion -Wpointer-arith -Wshadow -Wlogical-op -Waggregate-return -Wfloat-equal  -g3 -D_RENESAS_SYNERGY_ -I"C:\Users\rmend\Desktop\Diplomado SW\4.2 Perifericos\Perifericos\src" -I"C:\Users\rmend\Desktop\Diplomado SW\4.2 Perifericos\Perifericos\src\synergy_gen" -I"C:\Users\rmend\Desktop\Diplomado SW\4.2 Perifericos\Perifericos\synergy_cfg\ssp_cfg\bsp" -I"C:\Users\rmend\Desktop\Diplomado SW\4.2 Perifericos\Perifericos\synergy_cfg\ssp_cfg\driver" -I"C:\Users\rmend\Desktop\Diplomado SW\4.2 Perifericos\Perifericos\synergy\ssp\inc" -I"C:\Users\rmend\Desktop\Diplomado SW\4.2 Perifericos\Perifericos\synergy\ssp\inc\bsp" -I"C:\Users\rmend\Desktop\Diplomado SW\4.2 Perifericos\Perifericos\synergy\ssp\inc\bsp\cmsis\Include" -I"C:\Users\rmend\Desktop\Diplomado SW\4.2 Perifericos\Perifericos\synergy\ssp\inc\driver\api" -I"C:\Users\rmend\Desktop\Diplomado SW\4.2 Perifericos\Perifericos\synergy\ssp\inc\driver\instances" -std=c99 -MMD -MP -MF"synergy/ssp/src/bsp/mcu/s7g2/bsp_feature.d" -MT"synergy/ssp/src/bsp/mcu/s7g2/bsp_feature.o" -c -o "synergy/ssp/src/bsp/mcu/s7g2/bsp_feature.o" -x c "../synergy/ssp/src/bsp/mcu/s7g2/bsp_feature.c"
'Finished building: ../synergy/ssp/src/driver/r_fmi/r_fmi.c'
' '
' '
'Building file: ../synergy/ssp/src/bsp/mcu/s7g2/bsp_fmi_R7FS7G27H3A01CFC.c'
'Building file: ../synergy/ssp/src/bsp/mcu/s7g2/bsp_group_irq.c'
'Invoking: Cross ARM C Compiler'
C:\Renesas\Synergy\e2studio_v6.2.0_ssp_v1.4.0\eclipse\/../\Utilities\\/isdebuild arm-none-eabi-gcc -mcpu=cortex-m4 -mthumb -mfloat-abi=hard -mfpu=fpv4-sp-d16 -O2 -fmessage-length=0 -fsigned-char -ffunction-sections -fdata-sections -Wunused -Wuninitialized -Wall -Wextra -Wmissing-declarations -Wconversion -Wpointer-arith -Wshadow -Wlogical-op -Waggregate-return -Wfloat-equal  -g3 -D_RENESAS_SYNERGY_ -I"C:\Users\rmend\Desktop\Diplomado SW\4.2 Perifericos\Perifericos\src" -I"C:\Users\rmend\Desktop\Diplomado SW\4.2 Perifericos\Perifericos\src\synergy_gen" -I"C:\Users\rmend\Desktop\Diplomado SW\4.2 Perifericos\Perifericos\synergy_cfg\ssp_cfg\bsp" -I"C:\Users\rmend\Desktop\Diplomado SW\4.2 Perifericos\Perifericos\synergy_cfg\ssp_cfg\driver" -I"C:\Users\rmend\Desktop\Diplomado SW\4.2 Perifericos\Perifericos\synergy\ssp\inc" -I"C:\Users\rmend\Desktop\Diplomado SW\4.2 Perifericos\Perifericos\synergy\ssp\inc\bsp" -I"C:\Users\rmend\Desktop\Diplomado SW\4.2 Perifericos\Perifericos\synergy\ssp\inc\bsp\cmsis\Include" -I"C:\Users\rmend\Desktop\Diplomado SW\4.2 Perifericos\Perifericos\synergy\ssp\inc\driver\api" -I"C:\Users\rmend\Desktop\Diplomado SW\4.2 Perifericos\Perifericos\synergy\ssp\inc\driver\instances" -std=c99 -MMD -MP -MF"synergy/ssp/src/bsp/mcu/s7g2/bsp_fmi_R7FS7G27H3A01CFC.d" -MT"synergy/ssp/src/bsp/mcu/s7g2/bsp_fmi_R7FS7G27H3A01CFC.o" -c -o "synergy/ssp/src/bsp/mcu/s7g2/bsp_fmi_R7FS7G27H3A01CFC.o" -x c "../synergy/ssp/src/bsp/mcu/s7g2/bsp_fmi_R7FS7G27H3A01CFC.c"
'Invoking: Cross ARM C Compiler'
C:\Renesas\Synergy\e2studio_v6.2.0_ssp_v1.4.0\eclipse\/../\Utilities\\/isdebuild arm-none-eabi-gcc -mcpu=cortex-m4 -mthumb -mfloat-abi=hard -mfpu=fpv4-sp-d16 -O2 -fmessage-length=0 -fsigned-char -ffunction-sections -fdata-sections -Wunused -Wuninitialized -Wall -Wextra -Wmissing-declarations -Wconversion -Wpointer-arith -Wshadow -Wlogical-op -Waggregate-return -Wfloat-equal  -g3 -D_RENESAS_SYNERGY_ -I"C:\Users\rmend\Desktop\Diplomado SW\4.2 Perifericos\Perifericos\src" -I"C:\Users\rmend\Desktop\Diplomado SW\4.2 Perifericos\Perifericos\src\synergy_gen" -I"C:\Users\rmend\Desktop\Diplomado SW\4.2 Perifericos\Perifericos\synergy_cfg\ssp_cfg\bsp" -I"C:\Users\rmend\Desktop\Diplomado SW\4.2 Perifericos\Perifericos\synergy_cfg\ssp_cfg\driver" -I"C:\Users\rmend\Desktop\Diplomado SW\4.2 Perifericos\Perifericos\synergy\ssp\inc" -I"C:\Users\rmend\Desktop\Diplomado SW\4.2 Perifericos\Perifericos\synergy\ssp\inc\bsp" -I"C:\Users\rmend\Desktop\Diplomado SW\4.2 Perifericos\Perifericos\synergy\ssp\inc\bsp\cmsis\Include" -I"C:\Users\rmend\Desktop\Diplomado SW\4.2 Perifericos\Perifericos\synergy\ssp\inc\driver\api" -I"C:\Users\rmend\Desktop\Diplomado SW\4.2 Perifericos\Perifericos\synergy\ssp\inc\driver\instances" -std=c99 -MMD -MP -MF"synergy/ssp/src/bsp/mcu/s7g2/bsp_group_irq.d" -MT"synergy/ssp/src/bsp/mcu/s7g2/bsp_group_irq.o" -c -o "synergy/ssp/src/bsp/mcu/s7g2/bsp_group_irq.o" -x c "../synergy/ssp/src/bsp/mcu/s7g2/bsp_group_irq.c"
'Building file: ../synergy/ssp/src/bsp/mcu/s7g2/bsp_hw_locks.c'
'Invoking: Cross ARM C Compiler'
C:\Renesas\Synergy\e2studio_v6.2.0_ssp_v1.4.0\eclipse\/../\Utilities\\/isdebuild arm-none-eabi-gcc -mcpu=cortex-m4 -mthumb -mfloat-abi=hard -mfpu=fpv4-sp-d16 -O2 -fmessage-length=0 -fsigned-char -ffunction-sections -fdata-sections -Wunused -Wuninitialized -Wall -Wextra -Wmissing-declarations -Wconversion -Wpointer-arith -Wshadow -Wlogical-op -Waggregate-return -Wfloat-equal  -g3 -D_RENESAS_SYNERGY_ -I"C:\Users\rmend\Desktop\Diplomado SW\4.2 Perifericos\Perifericos\src" -I"C:\Users\rmend\Desktop\Diplomado SW\4.2 Perifericos\Perifericos\src\synergy_gen" -I"C:\Users\rmend\Desktop\Diplomado SW\4.2 Perifericos\Perifericos\synergy_cfg\ssp_cfg\bsp" -I"C:\Users\rmend\Desktop\Diplomado SW\4.2 Perifericos\Perifericos\synergy_cfg\ssp_cfg\driver" -I"C:\Users\rmend\Desktop\Diplomado SW\4.2 Perifericos\Perifericos\synergy\ssp\inc" -I"C:\Users\rmend\Desktop\Diplomado SW\4.2 Perifericos\Perifericos\synergy\ssp\inc\bsp" -I"C:\Users\rmend\Desktop\Diplomado SW\4.2 Perifericos\Perifericos\synergy\ssp\inc\bsp\cmsis\Include" -I"C:\Users\rmend\Desktop\Diplomado SW\4.2 Perifericos\Perifericos\synergy\ssp\inc\driver\api" -I"C:\Users\rmend\Desktop\Diplomado SW\4.2 Perifericos\Perifericos\synergy\ssp\inc\driver\instances" -std=c99 -MMD -MP -MF"synergy/ssp/src/bsp/mcu/s7g2/bsp_hw_locks.d" -MT"synergy/ssp/src/bsp/mcu/s7g2/bsp_hw_locks.o" -c -o "synergy/ssp/src/bsp/mcu/s7g2/bsp_hw_locks.o" -x c "../synergy/ssp/src/bsp/mcu/s7g2/bsp_hw_locks.c"
'Finished building: ../synergy/ssp/src/bsp/mcu/s7g2/bsp_cache.c'
' '
'Finished building: ../synergy/ssp/src/driver/r_cgc/hw/hw_cgc.c'
'Finished building: ../synergy/ssp/src/bsp/mcu/s7g2/bsp_clocks.c'
'Finished building: ../synergy/ssp/src/driver/r_cgc/r_cgc.c'
'Finished building: ../synergy/ssp/src/bsp/mcu/s7g2/bsp_feature.c'
' '
'Finished building: ../synergy/ssp/src/bsp/mcu/s7g2/bsp_fmi_R7FS7G27H3A01CFC.c'
'Finished building: ../synergy/ssp/src/bsp/mcu/s7g2/bsp_group_irq.c'
' '
' '
' '
' '
' '
'Finished building: ../synergy/ssp/src/bsp/mcu/s7g2/bsp_hw_locks.c'
'Building file: ../synergy/ssp/src/bsp/mcu/s7g2/bsp_module_stop.c'
' '
'Invoking: Cross ARM C Compiler'
C:\Renesas\Synergy\e2studio_v6.2.0_ssp_v1.4.0\eclipse\/../\Utilities\\/isdebuild arm-none-eabi-gcc -mcpu=cortex-m4 -mthumb -mfloat-abi=hard -mfpu=fpv4-sp-d16 -O2 -fmessage-length=0 -fsigned-char -ffunction-sections -fdata-sections -Wunused -Wuninitialized -Wall -Wextra -Wmissing-declarations -Wconversion -Wpointer-arith -Wshadow -Wlogical-op -Waggregate-return -Wfloat-equal  -g3 -D_RENESAS_SYNERGY_ -I"C:\Users\rmend\Desktop\Diplomado SW\4.2 Perifericos\Perifericos\src" -I"C:\Users\rmend\Desktop\Diplomado SW\4.2 Perifericos\Perifericos\src\synergy_gen" -I"C:\Users\rmend\Desktop\Diplomado SW\4.2 Perifericos\Perifericos\synergy_cfg\ssp_cfg\bsp" -I"C:\Users\rmend\Desktop\Diplomado SW\4.2 Perifericos\Perifericos\synergy_cfg\ssp_cfg\driver" -I"C:\Users\rmend\Desktop\Diplomado SW\4.2 Perifericos\Perifericos\synergy\ssp\inc" -I"C:\Users\rmend\Desktop\Diplomado SW\4.2 Perifericos\Perifericos\synergy\ssp\inc\bsp" -I"C:\Users\rmend\Desktop\Diplomado SW\4.2 Perifericos\Perifericos\synergy\ssp\inc\bsp\cmsis\Include" -I"C:\Users\rmend\Desktop\Diplomado SW\4.2 Perifericos\Perifericos\synergy\ssp\inc\driver\api" -I"C:\Users\rmend\Desktop\Diplomado SW\4.2 Perifericos\Perifericos\synergy\ssp\inc\driver\instances" -std=c99 -MMD -MP -MF"synergy/ssp/src/bsp/mcu/s7g2/bsp_module_stop.d" -MT"synergy/ssp/src/bsp/mcu/s7g2/bsp_module_stop.o" -c -o "synergy/ssp/src/bsp/mcu/s7g2/bsp_module_stop.o" -x c "../synergy/ssp/src/bsp/mcu/s7g2/bsp_module_stop.c"
'Building file: ../synergy/ssp/src/bsp/mcu/s7g2/bsp_rom_registers.c'
'Invoking: Cross ARM C Compiler'
C:\Renesas\Synergy\e2studio_v6.2.0_ssp_v1.4.0\eclipse\/../\Utilities\\/isdebuild arm-none-eabi-gcc -mcpu=cortex-m4 -mthumb -mfloat-abi=hard -mfpu=fpv4-sp-d16 -O2 -fmessage-length=0 -fsigned-char -ffunction-sections -fdata-sections -Wunused -Wuninitialized -Wall -Wextra -Wmissing-declarations -Wconversion -Wpointer-arith -Wshadow -Wlogical-op -Waggregate-return -Wfloat-equal  -g3 -D_RENESAS_SYNERGY_ -I"C:\Users\rmend\Desktop\Diplomado SW\4.2 Perifericos\Perifericos\src" -I"C:\Users\rmend\Desktop\Diplomado SW\4.2 Perifericos\Perifericos\src\synergy_gen" -I"C:\Users\rmend\Desktop\Diplomado SW\4.2 Perifericos\Perifericos\synergy_cfg\ssp_cfg\bsp" -I"C:\Users\rmend\Desktop\Diplomado SW\4.2 Perifericos\Perifericos\synergy_cfg\ssp_cfg\driver" -I"C:\Users\rmend\Desktop\Diplomado SW\4.2 Perifericos\Perifericos\synergy\ssp\inc" -I"C:\Users\rmend\Desktop\Diplomado SW\4.2 Perifericos\Perifericos\synergy\ssp\inc\bsp" -I"C:\Users\rmend\Desktop\Diplomado SW\4.2 Perifericos\Perifericos\synergy\ssp\inc\bsp\cmsis\Include" -I"C:\Users\rmend\Desktop\Diplomado SW\4.2 Perifericos\Perifericos\synergy\ssp\inc\driver\api" -I"C:\Users\rmend\Desktop\Diplomado SW\4.2 Perifericos\Perifericos\synergy\ssp\inc\driver\instances" -std=c99 -MMD -MP -MF"synergy/ssp/src/bsp/mcu/s7g2/bsp_rom_registers.d" -MT"synergy/ssp/src/bsp/mcu/s7g2/bsp_rom_registers.o" -c -o "synergy/ssp/src/bsp/mcu/s7g2/bsp_rom_registers.o" -x c "../synergy/ssp/src/bsp/mcu/s7g2/bsp_rom_registers.c"
'Building file: ../synergy/ssp/src/bsp/mcu/all/bsp_common.c'
'Invoking: Cross ARM C Compiler'
C:\Renesas\Synergy\e2studio_v6.2.0_ssp_v1.4.0\eclipse\/../\Utilities\\/isdebuild arm-none-eabi-gcc -mcpu=cortex-m4 -mthumb -mfloat-abi=hard -mfpu=fpv4-sp-d16 -O2 -fmessage-length=0 -fsigned-char -ffunction-sections -fdata-sections -Wunused -Wuninitialized -Wall -Wextra -Wmissing-declarations -Wconversion -Wpointer-arith -Wshadow -Wlogical-op -Waggregate-return -Wfloat-equal  -g3 -D_RENESAS_SYNERGY_ -I"C:\Users\rmend\Desktop\Diplomado SW\4.2 Perifericos\Perifericos\src" -I"C:\Users\rmend\Desktop\Diplomado SW\4.2 Perifericos\Perifericos\src\synergy_gen" -I"C:\Users\rmend\Desktop\Diplomado SW\4.2 Perifericos\Perifericos\synergy_cfg\ssp_cfg\bsp" -I"C:\Users\rmend\Desktop\Diplomado SW\4.2 Perifericos\Perifericos\synergy_cfg\ssp_cfg\driver" -I"C:\Users\rmend\Desktop\Diplomado SW\4.2 Perifericos\Perifericos\synergy\ssp\inc" -I"C:\Users\rmend\Desktop\Diplomado SW\4.2 Perifericos\Perifericos\synergy\ssp\inc\bsp" -I"C:\Users\rmend\Desktop\Diplomado SW\4.2 Perifericos\Perifericos\synergy\ssp\inc\bsp\cmsis\Include" -I"C:\Users\rmend\Desktop\Diplomado SW\4.2 Perifericos\Perifericos\synergy\ssp\inc\driver\api" -I"C:\Users\rmend\Desktop\Diplomado SW\4.2 Perifericos\Perifericos\synergy\ssp\inc\driver\instances" -std=c99 -MMD -MP -MF"synergy/ssp/src/bsp/mcu/all/bsp_common.d" -MT"synergy/ssp/src/bsp/mcu/all/bsp_common.o" -c -o "synergy/ssp/src/bsp/mcu/all/bsp_common.o" -x c "../synergy/ssp/src/bsp/mcu/all/bsp_common.c"
'Building file: ../synergy/ssp/src/bsp/mcu/all/bsp_common_leds.c'
'Invoking: Cross ARM C Compiler'
C:\Renesas\Synergy\e2studio_v6.2.0_ssp_v1.4.0\eclipse\/../\Utilities\\/isdebuild arm-none-eabi-gcc -mcpu=cortex-m4 -mthumb -mfloat-abi=hard -mfpu=fpv4-sp-d16 -O2 -fmessage-length=0 -fsigned-char -ffunction-sections -fdata-sections -Wunused -Wuninitialized -Wall -Wextra -Wmissing-declarations -Wconversion -Wpointer-arith -Wshadow -Wlogical-op -Waggregate-return -Wfloat-equal  -g3 -D_RENESAS_SYNERGY_ -I"C:\Users\rmend\Desktop\Diplomado SW\4.2 Perifericos\Perifericos\src" -I"C:\Users\rmend\Desktop\Diplomado SW\4.2 Perifericos\Perifericos\src\synergy_gen" -I"C:\Users\rmend\Desktop\Diplomado SW\4.2 Perifericos\Perifericos\synergy_cfg\ssp_cfg\bsp" -I"C:\Users\rmend\Desktop\Diplomado SW\4.2 Perifericos\Perifericos\synergy_cfg\ssp_cfg\driver" -I"C:\Users\rmend\Desktop\Diplomado SW\4.2 Perifericos\Perifericos\synergy\ssp\inc" -I"C:\Users\rmend\Desktop\Diplomado SW\4.2 Perifericos\Perifericos\synergy\ssp\inc\bsp" -I"C:\Users\rmend\Desktop\Diplomado SW\4.2 Perifericos\Perifericos\synergy\ssp\inc\bsp\cmsis\Include" -I"C:\Users\rmend\Desktop\Diplomado SW\4.2 Perifericos\Perifericos\synergy\ssp\inc\driver\api" -I"C:\Users\rmend\Desktop\Diplomado SW\4.2 Perifericos\Perifericos\synergy\ssp\inc\driver\instances" -std=c99 -MMD -MP -MF"synergy/ssp/src/bsp/mcu/all/bsp_common_leds.d" -MT"synergy/ssp/src/bsp/mcu/all/bsp_common_leds.o" -c -o "synergy/ssp/src/bsp/mcu/all/bsp_common_leds.o" -x c "../synergy/ssp/src/bsp/mcu/all/bsp_common_leds.c"
'Building file: ../synergy/ssp/src/bsp/mcu/all/bsp_delay.c'
'Building file: ../synergy/ssp/src/bsp/mcu/all/bsp_irq.c'
'Invoking: Cross ARM C Compiler'
C:\Renesas\Synergy\e2studio_v6.2.0_ssp_v1.4.0\eclipse\/../\Utilities\\/isdebuild arm-none-eabi-gcc -mcpu=cortex-m4 -mthumb -mfloat-abi=hard -mfpu=fpv4-sp-d16 -O2 -fmessage-length=0 -fsigned-char -ffunction-sections -fdata-sections -Wunused -Wuninitialized -Wall -Wextra -Wmissing-declarations -Wconversion -Wpointer-arith -Wshadow -Wlogical-op -Waggregate-return -Wfloat-equal  -g3 -D_RENESAS_SYNERGY_ -I"C:\Users\rmend\Desktop\Diplomado SW\4.2 Perifericos\Perifericos\src" -I"C:\Users\rmend\Desktop\Diplomado SW\4.2 Perifericos\Perifericos\src\synergy_gen" -I"C:\Users\rmend\Desktop\Diplomado SW\4.2 Perifericos\Perifericos\synergy_cfg\ssp_cfg\bsp" -I"C:\Users\rmend\Desktop\Diplomado SW\4.2 Perifericos\Perifericos\synergy_cfg\ssp_cfg\driver" -I"C:\Users\rmend\Desktop\Diplomado SW\4.2 Perifericos\Perifericos\synergy\ssp\inc" -I"C:\Users\rmend\Desktop\Diplomado SW\4.2 Perifericos\Perifericos\synergy\ssp\inc\bsp" -I"C:\Users\rmend\Desktop\Diplomado SW\4.2 Perifericos\Perifericos\synergy\ssp\inc\bsp\cmsis\Include" -I"C:\Users\rmend\Desktop\Diplomado SW\4.2 Perifericos\Perifericos\synergy\ssp\inc\driver\api" -I"C:\Users\rmend\Desktop\Diplomado SW\4.2 Perifericos\Perifericos\synergy\ssp\inc\driver\instances" -std=c99 -MMD -MP -MF"synergy/ssp/src/bsp/mcu/all/bsp_delay.d" -MT"synergy/ssp/src/bsp/mcu/all/bsp_delay.o" -c -o "synergy/ssp/src/bsp/mcu/all/bsp_delay.o" -x c "../synergy/ssp/src/bsp/mcu/all/bsp_delay.c"
'Invoking: Cross ARM C Compiler'
'Building file: ../synergy/ssp/src/bsp/mcu/all/bsp_locking.c'
'Finished building: ../synergy/ssp/src/bsp/mcu/s7g2/bsp_module_stop.c'
C:\Renesas\Synergy\e2studio_v6.2.0_ssp_v1.4.0\eclipse\/../\Utilities\\/isdebuild arm-none-eabi-gcc -mcpu=cortex-m4 -mthumb -mfloat-abi=hard -mfpu=fpv4-sp-d16 -O2 -fmessage-length=0 -fsigned-char -ffunction-sections -fdata-sections -Wunused -Wuninitialized -Wall -Wextra -Wmissing-declarations -Wconversion -Wpointer-arith -Wshadow -Wlogical-op -Waggregate-return -Wfloat-equal  -g3 -D_RENESAS_SYNERGY_ -I"C:\Users\rmend\Desktop\Diplomado SW\4.2 Perifericos\Perifericos\src" -I"C:\Users\rmend\Desktop\Diplomado SW\4.2 Perifericos\Perifericos\src\synergy_gen" -I"C:\Users\rmend\Desktop\Diplomado SW\4.2 Perifericos\Perifericos\synergy_cfg\ssp_cfg\bsp" -I"C:\Users\rmend\Desktop\Diplomado SW\4.2 Perifericos\Perifericos\synergy_cfg\ssp_cfg\driver" -I"C:\Users\rmend\Desktop\Diplomado SW\4.2 Perifericos\Perifericos\synergy\ssp\inc" -I"C:\Users\rmend\Desktop\Diplomado SW\4.2 Perifericos\Perifericos\synergy\ssp\inc\bsp" -I"C:\Users\rmend\Desktop\Diplomado SW\4.2 Perifericos\Perifericos\synergy\ssp\inc\bsp\cmsis\Include" -I"C:\Users\rmend\Desktop\Diplomado SW\4.2 Perifericos\Perifericos\synergy\ssp\inc\driver\api" -I"C:\Users\rmend\Desktop\Diplomado SW\4.2 Perifericos\Perifericos\synergy\ssp\inc\driver\instances" -std=c99 -MMD -MP -MF"synergy/ssp/src/bsp/mcu/all/bsp_irq.d" -MT"synergy/ssp/src/bsp/mcu/all/bsp_irq.o" -c -o "synergy/ssp/src/bsp/mcu/all/bsp_irq.o" -x c "../synergy/ssp/src/bsp/mcu/all/bsp_irq.c"
'Finished building: ../synergy/ssp/src/bsp/mcu/s7g2/bsp_rom_registers.c'
'Invoking: Cross ARM C Compiler'
' '
'Finished building: ../synergy/ssp/src/bsp/mcu/all/bsp_common.c'
[...]
'Finished building: ../src/synergy_gen/pin_data.c'
#include "mainTick.h"
         ^
1 error generated.
make: *** [src/hal_entry.o] Error 1
src/subdir.mk:18: recipe for target 'src/hal_entry.o' failed
make: *** Waiting for unfinished jobs....
' '
Extracting support files...
12:05:37 **** Incremental Build of configuration Debug for project ADC ****
make -j8 all 
'Building file: ../src/hal_entry.c'
'Invoking: Cross ARM C Compiler'
C:\Renesas\Synergy\e2studio_v6.2.0_ssp_v1.4.0\eclipse\/../\Utilities\\/isdebuild arm-none-eabi-gcc -mcpu=cortex-m4 -mthumb -mfloat-abi=hard -mfpu=fpv4-sp-d16 -O2 -fmessage-length=0 -fsigned-char -ffunction-sections -fdata-sections -Wunused -Wuninitialized -Wall -Wextra -Wmissing-declarations -Wconversion -Wpointer-arith -Wshadow -Wlogical-op -Waggregate-return -Wfloat-equal  -g3 -D_RENESAS_SYNERGY_ -I"C:\Users\rmend\Desktop\Diplomado SW\4.2 Perifericos\ADC\synergy_cfg\ssp_cfg\bsp" -I"C:\Users\rmend\Desktop\Diplomado SW\4.2 Perifericos\ADC\synergy_cfg\ssp_cfg\driver" -I"C:\Users\rmend\Desktop\Diplomado SW\4.2 Perifericos\ADC\synergy\ssp\inc" -I"C:\Users\rmend\Desktop\Diplomado SW\4.2 Perifericos\ADC\synergy\ssp\inc\bsp" -I"C:\Users\rmend\Desktop\Diplomado SW\4.2 Perifericos\ADC\synergy\ssp\inc\bsp\cmsis\Include" -I"C:\Users\rmend\Desktop\Diplomado SW\4.2 Perifericos\ADC\synergy\ssp\inc\driver\api" -I"C:\Users\rmend\Desktop\Diplomado SW\4.2 Perifericos\ADC\synergy\ssp\inc\driver\instances" -I"C:\Users\rmend\Desktop\Diplomado SW\4.2 Perifericos\ADC\src" -I"C:\Users\rmend\Desktop\Diplomado SW\4.2 Perifericos\ADC\src\synergy_gen" -std=c99 -MMD -MP -MF"src/hal_entry.d" -MT"src/hal_entry.o" -c -o "src/hal_entry.o" -x c "../src/hal_entry.c"
../src/hal_entry.c: In function 'hal_entry':
../src/hal_entry.c:57:7: warning: implicit declaration of function 'FN_bfPerformTick' [-Wimplicit-function-declaration]
       bfmainTick = FN_bfPerformTick();
       ^
../src/hal_entry.c:60:11: warning: implicit declaration of function 'SR_ClearMainTick' [-Wimplicit-function-declaration]
           SR_ClearMainTick();
           ^
../src/hal_entry.c:65:64: warning: passing argument 3 of 'g_adc0.p_api->read' from incompatible pointer type
           g_adc0.p_api->read(g_adc0.p_ctrl, ADC_REG_CHANNEL_0, &adcData);
                                                                ^
../src/hal_entry.c:65:64: note: expected 'uint16_t * const' but argument is of type 'int *'
'Finished building: ../src/hal_entry.c'
' '
'Building target: ADC.elf'
'Invoking: Cross ARM C Linker'
arm-none-eabi-gcc @"ADC.elf.in"
./src/hal_entry.o: In function `hal_entry':
C:\Users\rmend\Desktop\Diplomado SW\4.2 Perifericos\ADC\Debug/../src/hal_entry.c:57: undefined reference to `FN_bfPerformTick'
C:\Users\rmend\Desktop\Diplomado SW\4.2 Perifericos\ADC\Debug/../src/hal_entry.c:60: undefined reference to `SR_ClearMainTick'
collect2.exe: error: ld returned 1 exit status
makefile:55: recipe for target 'ADC.elf' failed
make: *** [ADC.elf] Error 1
Extracting support files...
12:06:07 **** Incremental Build of configuration Debug for project ADC ****
make -j8 all 
'Building file: ../src/hal_entry.c'
'Invoking: Cross ARM C Compiler'
C:\Renesas\Synergy\e2studio_v6.2.0_ssp_v1.4.0\eclipse\/../\Utilities\\/isdebuild arm-none-eabi-gcc -mcpu=cortex-m4 -mthumb -mfloat-abi=hard -mfpu=fpv4-sp-d16 -O2 -fmessage-length=0 -fsigned-char -ffunction-sections -fdata-sections -Wunused -Wuninitialized -Wall -Wextra -Wmissing-declarations -Wconversion -Wpointer-arith -Wshadow -Wlogical-op -Waggregate-return -Wfloat-equal  -g3 -D_RENESAS_SYNERGY_ -I"C:\Users\rmend\Desktop\Diplomado SW\4.2 Perifericos\ADC\synergy_cfg\ssp_cfg\bsp" -I"C:\Users\rmend\Desktop\Diplomado SW\4.2 Perifericos\ADC\synergy_cfg\ssp_cfg\driver" -I"C:\Users\rmend\Desktop\Diplomado SW\4.2 Perifericos\ADC\synergy\ssp\inc" -I"C:\Users\rmend\Desktop\Diplomado SW\4.2 Perifericos\ADC\synergy\ssp\inc\bsp" -I"C:\Users\rmend\Desktop\Diplomado SW\4.2 Perifericos\ADC\synergy\ssp\inc\bsp\cmsis\Include" -I"C:\Users\rmend\Desktop\Diplomado SW\4.2 Perifericos\ADC\synergy\ssp\inc\driver\api" -I"C:\Users\rmend\Desktop\Diplomado SW\4.2 Perifericos\ADC\synergy\ssp\inc\driver\instances" -I"C:\Users\rmend\Desktop\Diplomado SW\4.2 Perifericos\ADC\src" -I"C:\Users\rmend\Desktop\Diplomado SW\4.2 Perifericos\ADC\src\synergy_gen" -std=c99 -MMD -MP -MF"src/hal_entry.d" -MT"src/hal_entry.o" -c -o "src/hal_entry.o" -x c "../src/hal_entry.c"
../src/hal_entry.c: In function 'hal_entry':
../src/hal_entry.c:65:64: warning: passing argument 3 of 'g_adc0.p_api->read' from incompatible pointer type
           g_adc0.p_api->read(g_adc0.p_ctrl, ADC_REG_CHANNEL_0, &adcData);
                                                                ^
../src/hal_entry.c:65:64: note: expected 'uint16_t * const' but argument is of type 'int *'
../src/hal_entry.c:58:9: warning: 'bfmainTick' is used uninitialized in this function [-Wuninitialized]
       if(bfmainTick == true)
         ^
'Finished building: ../src/hal_entry.c'
' '
'Building target: ADC.elf'
'Invoking: Cross ARM C Linker'
arm-none-eabi-gcc @"ADC.elf.in"
'Finished building target: ADC.elf'
' '
'Invoking: Cross ARM GNU Create Flash Image'
arm-none-eabi-objcopy -O srec "ADC.elf"  "ADC.srec"
'Invoking: Cross ARM GNU Print Size'
arm-none-eabi-size --format=berkeley "ADC.elf"
   text	   data	    bss	    dec	    hex	filename
  19464	    120	   8432	  28016	   6d70	ADC.elf
'Finished building: ADC.srec'
'Finished building: ADC.siz'
' '
' '
Extracting support files...
12:06:59 **** Incremental Build of configuration Debug for project ADC ****
make -j8 all 
'Building file: ../src/hal_entry.c'
'Invoking: Cross ARM C Compiler'
C:\Renesas\Synergy\e2studio_v6.2.0_ssp_v1.4.0\eclipse\/../\Utilities\\/isdebuild arm-none-eabi-gcc -mcpu=cortex-m4 -mthumb -mfloat-abi=hard -mfpu=fpv4-sp-d16 -O2 -fmessage-length=0 -fsigned-char -ffunction-sections -fdata-sections -Wunused -Wuninitialized -Wall -Wextra -Wmissing-declarations -Wconversion -Wpointer-arith -Wshadow -Wlogical-op -Waggregate-return -Wfloat-equal  -g3 -D_RENESAS_SYNERGY_ -I"C:\Users\rmend\Desktop\Diplomado SW\4.2 Perifericos\ADC\synergy_cfg\ssp_cfg\bsp" -I"C:\Users\rmend\Desktop\Diplomado SW\4.2 Perifericos\ADC\synergy_cfg\ssp_cfg\driver" -I"C:\Users\rmend\Desktop\Diplomado SW\4.2 Perifericos\ADC\synergy\ssp\inc" -I"C:\Users\rmend\Desktop\Diplomado SW\4.2 Perifericos\ADC\synergy\ssp\inc\bsp" -I"C:\Users\rmend\Desktop\Diplomado SW\4.2 Perifericos\ADC\synergy\ssp\inc\bsp\cmsis\Include" -I"C:\Users\rmend\Desktop\Diplomado SW\4.2 Perifericos\ADC\synergy\ssp\inc\driver\api" -I"C:\Users\rmend\Desktop\Diplomado SW\4.2 Perifericos\ADC\synergy\ssp\inc\driver\instances" -I"C:\Users\rmend\Desktop\Diplomado SW\4.2 Perifericos\ADC\src" -I"C:\Users\rmend\Desktop\Diplomado SW\4.2 Perifericos\ADC\src\synergy_gen" -std=c99 -MMD -MP -MF"src/hal_entry.d" -MT"src/hal_entry.o" -c -o "src/hal_entry.o" -x c "../src/hal_entry.c"
../src/hal_entry.c: In function 'hal_entry':
../src/hal_entry.c:65:64: warning: passing argument 3 of 'g_adc0.p_api->read' from incompatible pointer type
           g_adc0.p_api->read(g_adc0.p_ctrl, ADC_REG_CHANNEL_0, &adcData);
                                                                ^
../src/hal_entry.c:65:64: note: expected 'uint16_t * const' but argument is of type 'int *'
../src/hal_entry.c:46:10: warning: unused variable 'bfmainTick' [-Wunused-variable]
     bool bfmainTick;
          ^
'Finished building: ../src/hal_entry.c'
' '
'Building target: ADC.elf'
'Invoking: Cross ARM C Linker'
arm-none-eabi-gcc @"ADC.elf.in"
'Finished building target: ADC.elf'
' '
'Invoking: Cross ARM GNU Create Flash Image'
arm-none-eabi-objcopy -O srec "ADC.elf"  "ADC.srec"
'Invoking: Cross ARM GNU Print Size'
arm-none-eabi-size --format=berkeley "ADC.elf"
   text	   data	    bss	    dec	    hex	filename
  19640	    120	   8448	  28208	   6e30	ADC.elf
'Finished building: ADC.srec'
'Finished building: ADC.siz'
' '
' '
Extracting support files...
12:36:02 **** Incremental Build of configuration Debug for project ADC ****
make -j8 all 
'Building file: ../src/hal_entry.c'
'Invoking: Cross ARM C Compiler'
C:\Renesas\Synergy\e2studio_v6.2.0_ssp_v1.4.0\eclipse\/../\Utilities\\/isdebuild arm-none-eabi-gcc -mcpu=cortex-m4 -mthumb -mfloat-abi=hard -mfpu=fpv4-sp-d16 -O2 -fmessage-length=0 -fsigned-char -ffunction-sections -fdata-sections -Wunused -Wuninitialized -Wall -Wextra -Wmissing-declarations -Wconversion -Wpointer-arith -Wshadow -Wlogical-op -Waggregate-return -Wfloat-equal  -g3 -D_RENESAS_SYNERGY_ -I"C:\Users\rmend\Desktop\Diplomado SW\4.2 Perifericos\ADC\synergy_cfg\ssp_cfg\bsp" -I"C:\Users\rmend\Desktop\Diplomado SW\4.2 Perifericos\ADC\synergy_cfg\ssp_cfg\driver" -I"C:\Users\rmend\Desktop\Diplomado SW\4.2 Perifericos\ADC\synergy\ssp\inc" -I"C:\Users\rmend\Desktop\Diplomado SW\4.2 Perifericos\ADC\synergy\ssp\inc\bsp" -I"C:\Users\rmend\Desktop\Diplomado SW\4.2 Perifericos\ADC\synergy\ssp\inc\bsp\cmsis\Include" -I"C:\Users\rmend\Desktop\Diplomado SW\4.2 Perifericos\ADC\synergy\ssp\inc\driver\api" -I"C:\Users\rmend\Desktop\Diplomado SW\4.2 Perifericos\ADC\synergy\ssp\inc\driver\instances" -I"C:\Users\rmend\Desktop\Diplomado SW\4.2 Perifericos\ADC\src" -I"C:\Users\rmend\Desktop\Diplomado SW\4.2 Perifericos\ADC\src\synergy_gen" -std=c99 -MMD -MP -MF"src/hal_entry.d" -MT"src/hal_entry.o" -c -o "src/hal_entry.o" -x c "../src/hal_entry.c"
../src/hal_entry.c: In function 'hal_entry':
../src/hal_entry.c:53:62: warning: passing argument 3 of 'g_adc0.p_api->read' from incompatible pointer type
         g_adc0.p_api->read(g_adc0.p_ctrl, ADC_REG_CHANNEL_0, &adcData);
                                                              ^
../src/hal_entry.c:53:62: note: expected 'uint16_t * const' but argument is of type 'int *'
'Finished building: ../src/hal_entry.c'
' '
'Building target: ADC.elf'
'Invoking: Cross ARM C Linker'
arm-none-eabi-gcc @"ADC.elf.in"
'Finished building target: ADC.elf'
' '
'Invoking: Cross ARM GNU Create Flash Image'
arm-none-eabi-objcopy -O srec "ADC.elf"  "ADC.srec"
'Invoking: Cross ARM GNU Print Size'
arm-none-eabi-size --format=berkeley "ADC.elf"
   text	   data	    bss	    dec	    hex	filename
  19532	    120	   8452	  28104	   6dc8	ADC.elf
'Finished building: ADC.srec'
'Finished building: ADC.siz'
' '
' '
Extracting support files...
12:46:10 **** Incremental Build of configuration Debug for project ADC ****
make -j8 all 
'Building file: ../src/hal_entry.c'
'Invoking: Cross ARM C Compiler'
C:\Renesas\Synergy\e2studio_v6.2.0_ssp_v1.4.0\eclipse\/../\Utilities\\/isdebuild arm-none-eabi-gcc -mcpu=cortex-m4 -mthumb -mfloat-abi=hard -mfpu=fpv4-sp-d16 -O2 -fmessage-length=0 -fsigned-char -ffunction-sections -fdata-sections -Wunused -Wuninitialized -Wall -Wextra -Wmissing-declarations -Wconversion -Wpointer-arith -Wshadow -Wlogical-op -Waggregate-return -Wfloat-equal  -g3 -D_RENESAS_SYNERGY_ -I"C:\Users\rmend\Desktop\Diplomado SW\4.2 Perifericos\ADC\synergy_cfg\ssp_cfg\bsp" -I"C:\Users\rmend\Desktop\Diplomado SW\4.2 Perifericos\ADC\synergy_cfg\ssp_cfg\driver" -I"C:\Users\rmend\Desktop\Diplomado SW\4.2 Perifericos\ADC\synergy\ssp\inc" -I"C:\Users\rmend\Desktop\Diplomado SW\4.2 Perifericos\ADC\synergy\ssp\inc\bsp" -I"C:\Users\rmend\Desktop\Diplomado SW\4.2 Perifericos\ADC\synergy\ssp\inc\bsp\cmsis\Include" -I"C:\Users\rmend\Desktop\Diplomado SW\4.2 Perifericos\ADC\synergy\ssp\inc\driver\api" -I"C:\Users\rmend\Desktop\Diplomado SW\4.2 Perifericos\ADC\synergy\ssp\inc\driver\instances" -I"C:\Users\rmend\Desktop\Diplomado SW\4.2 Perifericos\ADC\src" -I"C:\Users\rmend\Desktop\Diplomado SW\4.2 Perifericos\ADC\src\synergy_gen" -std=c99 -MMD -MP -MF"src/hal_entry.d" -MT"src/hal_entry.o" -c -o "src/hal_entry.o" -x c "../src/hal_entry.c"
../src/hal_entry.c: In function 'hal_entry':
../src/hal_entry.c:53:62: warning: passing argument 3 of 'g_adc0.p_api->read' from incompatible pointer type
         g_adc0.p_api->read(g_adc0.p_ctrl, ADC_REG_CHANNEL_0, &adcData);
                                                              ^
../src/hal_entry.c:53:62: note: expected 'uint16_t * const' but argument is of type 'int *'
'Finished building: ../src/hal_entry.c'
' '
'Building target: ADC.elf'
'Invoking: Cross ARM C Linker'
arm-none-eabi-gcc @"ADC.elf.in"
'Finished building target: ADC.elf'
' '
'Invoking: Cross ARM GNU Create Flash Image'
arm-none-eabi-objcopy -O srec "ADC.elf"  "ADC.srec"
'Invoking: Cross ARM GNU Print Size'
arm-none-eabi-size --format=berkeley "ADC.elf"
   text	   data	    bss	    dec	    hex	filename
  19528	    120	   8452	  28100	   6dc4	ADC.elf
'Finished building: ADC.srec'
'Finished building: ADC.siz'
' '
' '
Extracting support files...
12:46:54 **** Incremental Build of configuration Debug for project ADC ****
make -j8 all 
'Building file: ../src/hal_entry.c'
'Invoking: Cross ARM C Compiler'
C:\Renesas\Synergy\e2studio_v6.2.0_ssp_v1.4.0\eclipse\/../\Utilities\\/isdebuild arm-none-eabi-gcc -mcpu=cortex-m4 -mthumb -mfloat-abi=hard -mfpu=fpv4-sp-d16 -O2 -fmessage-length=0 -fsigned-char -ffunction-sections -fdata-sections -Wunused -Wuninitialized -Wall -Wextra -Wmissing-declarations -Wconversion -Wpointer-arith -Wshadow -Wlogical-op -Waggregate-return -Wfloat-equal  -g3 -D_RENESAS_SYNERGY_ -I"C:\Users\rmend\Desktop\Diplomado SW\4.2 Perifericos\ADC\synergy_cfg\ssp_cfg\bsp" -I"C:\Users\rmend\Desktop\Diplomado SW\4.2 Perifericos\ADC\synergy_cfg\ssp_cfg\driver" -I"C:\Users\rmend\Desktop\Diplomado SW\4.2 Perifericos\ADC\synergy\ssp\inc" -I"C:\Users\rmend\Desktop\Diplomado SW\4.2 Perifericos\ADC\synergy\ssp\inc\bsp" -I"C:\Users\rmend\Desktop\Diplomado SW\4.2 Perifericos\ADC\synergy\ssp\inc\bsp\cmsis\Include" -I"C:\Users\rmend\Desktop\Diplomado SW\4.2 Perifericos\ADC\synergy\ssp\inc\driver\api" -I"C:\Users\rmend\Desktop\Diplomado SW\4.2 Perifericos\ADC\synergy\ssp\inc\driver\instances" -I"C:\Users\rmend\Desktop\Diplomado SW\4.2 Perifericos\ADC\src" -I"C:\Users\rmend\Desktop\Diplomado SW\4.2 Perifericos\ADC\src\synergy_gen" -std=c99 -MMD -MP -MF"src/hal_entry.d" -MT"src/hal_entry.o" -c -o "src/hal_entry.o" -x c "../src/hal_entry.c"
../src/hal_entry.c: In function 'hal_entry':
../src/hal_entry.c:53:62: warning: passing argument 3 of 'g_adc0.p_api->read' from incompatible pointer type
         g_adc0.p_api->read(g_adc0.p_ctrl, ADC_REG_CHANNEL_0, &adcData);
                                                              ^
../src/hal_entry.c:53:62: note: expected 'uint16_t * const' but argument is of type 'int *'
'Finished building: ../src/hal_entry.c'
' '
'Building target: ADC.elf'
'Invoking: Cross ARM C Linker'
arm-none-eabi-gcc @"ADC.elf.in"
'Finished building target: ADC.elf'
' '
'Invoking: Cross ARM GNU Create Flash Image'
arm-none-eabi-objcopy -O srec "ADC.elf"  "ADC.srec"
'Invoking: Cross ARM GNU Print Size'
arm-none-eabi-size --format=berkeley "ADC.elf"
   text	   data	    bss	    dec	    hex	filename
  19532	    120	   8452	  28104	   6dc8	ADC.elf
'Finished building: ADC.srec'
'Finished building: ADC.siz'
' '
' '
Extracting support files...
12:48:08 **** Incremental Build of configuration Debug for project ADC ****
make -j8 all 
'Building file: ../src/hal_entry.c'
'Invoking: Cross ARM C Compiler'
C:\Renesas\Synergy\e2studio_v6.2.0_ssp_v1.4.0\eclipse\/../\Utilities\\/isdebuild arm-none-eabi-gcc -mcpu=cortex-m4 -mthumb -mfloat-abi=hard -mfpu=fpv4-sp-d16 -O2 -fmessage-length=0 -fsigned-char -ffunction-sections -fdata-sections -Wunused -Wuninitialized -Wall -Wextra -Wmissing-declarations -Wconversion -Wpointer-arith -Wshadow -Wlogical-op -Waggregate-return -Wfloat-equal  -g3 -D_RENESAS_SYNERGY_ -I"C:\Users\rmend\Desktop\Diplomado SW\4.2 Perifericos\ADC\synergy_cfg\ssp_cfg\bsp" -I"C:\Users\rmend\Desktop\Diplomado SW\4.2 Perifericos\ADC\synergy_cfg\ssp_cfg\driver" -I"C:\Users\rmend\Desktop\Diplomado SW\4.2 Perifericos\ADC\synergy\ssp\inc" -I"C:\Users\rmend\Desktop\Diplomado SW\4.2 Perifericos\ADC\synergy\ssp\inc\bsp" -I"C:\Users\rmend\Desktop\Diplomado SW\4.2 Perifericos\ADC\synergy\ssp\inc\bsp\cmsis\Include" -I"C:\Users\rmend\Desktop\Diplomado SW\4.2 Perifericos\ADC\synergy\ssp\inc\driver\api" -I"C:\Users\rmend\Desktop\Diplomado SW\4.2 Perifericos\ADC\synergy\ssp\inc\driver\instances" -I"C:\Users\rmend\Desktop\Diplomado SW\4.2 Perifericos\ADC\src" -I"C:\Users\rmend\Desktop\Diplomado SW\4.2 Perifericos\ADC\src\synergy_gen" -std=c99 -MMD -MP -MF"src/hal_entry.d" -MT"src/hal_entry.o" -c -o "src/hal_entry.o" -x c "../src/hal_entry.c"
../src/hal_entry.c: In function 'hal_entry':
../src/hal_entry.c:53:62: warning: passing argument 3 of 'g_adc0.p_api->read' from incompatible pointer type
         g_adc0.p_api->read(g_adc0.p_ctrl, ADC_REG_CHANNEL_0, &adcData);
                                                              ^
../src/hal_entry.c:53:62: note: expected 'uint16_t * const' but argument is of type 'int *'
'Finished building: ../src/hal_entry.c'
' '
'Building target: ADC.elf'
'Invoking: Cross ARM C Linker'
arm-none-eabi-gcc @"ADC.elf.in"
'Finished building target: ADC.elf'
' '
'Invoking: Cross ARM GNU Create Flash Image'
arm-none-eabi-objcopy -O srec "ADC.elf"  "ADC.srec"
'Invoking: Cross ARM GNU Print Size'
arm-none-eabi-size --format=berkeley "ADC.elf"
   text	   data	    bss	    dec	    hex	filename
  19528	    120	   8452	  28100	   6dc4	ADC.elf
'Finished building: ADC.srec'
'Finished building: ADC.siz'
' '
' '
Extracting support files...
14:03:25 **** Incremental Build of configuration Debug for project ADC ****
make -j8 all 
'Invoking: Cross ARM GNU Print Size'
arm-none-eabi-size --format=berkeley "ADC.elf"
   text	   data	    bss	    dec	    hex	filename
  19528	    120	   8452	  28100	   6dc4	ADC.elf
'Finished building: ADC.siz'
' '
Extracting support files...
14:10:58 **** Incremental Build of configuration Debug for project ADC ****
make -j8 all 
'Building file: ../src/hal_entry.c'
'Invoking: Cross ARM C Compiler'
C:\Renesas\Synergy\e2studio_v6.2.0_ssp_v1.4.0\eclipse\/../\Utilities\\/isdebuild arm-none-eabi-gcc -mcpu=cortex-m4 -mthumb -mfloat-abi=hard -mfpu=fpv4-sp-d16 -O2 -fmessage-length=0 -fsigned-char -ffunction-sections -fdata-sections -Wunused -Wuninitialized -Wall -Wextra -Wmissing-declarations -Wconversion -Wpointer-arith -Wshadow -Wlogical-op -Waggregate-return -Wfloat-equal  -g3 -D_RENESAS_SYNERGY_ -I"C:\Users\rmend\Desktop\Diplomado SW\4.2 Perifericos\ADC\synergy_cfg\ssp_cfg\bsp" -I"C:\Users\rmend\Desktop\Diplomado SW\4.2 Perifericos\ADC\synergy_cfg\ssp_cfg\driver" -I"C:\Users\rmend\Desktop\Diplomado SW\4.2 Perifericos\ADC\synergy\ssp\inc" -I"C:\Users\rmend\Desktop\Diplomado SW\4.2 Perifericos\ADC\synergy\ssp\inc\bsp" -I"C:\Users\rmend\Desktop\Diplomado SW\4.2 Perifericos\ADC\synergy\ssp\inc\bsp\cmsis\Include" -I"C:\Users\rmend\Desktop\Diplomado SW\4.2 Perifericos\ADC\synergy\ssp\inc\driver\api" -I"C:\Users\rmend\Desktop\Diplomado SW\4.2 Perifericos\ADC\synergy\ssp\inc\driver\instances" -I"C:\Users\rmend\Desktop\Diplomado SW\4.2 Perifericos\ADC\src" -I"C:\Users\rmend\Desktop\Diplomado SW\4.2 Perifericos\ADC\src\synergy_gen" -std=c99 -MMD -MP -MF"src/hal_entry.d" -MT"src/hal_entry.o" -c -o "src/hal_entry.o" -x c "../src/hal_entry.c"
../src/hal_entry.c: In function 'hal_entry':
../src/hal_entry.c:54:62: warning: passing argument 3 of 'g_adc0.p_api->read' from incompatible pointer type
         g_adc0.p_api->read(g_adc0.p_ctrl, ADC_REG_CHANNEL_0, &adcData);
                                                              ^
../src/hal_entry.c:54:62: note: expected 'uint16_t * const' but argument is of type 'int *'
'Finished building: ../src/hal_entry.c'
' '
'Building target: ADC.elf'
'Invoking: Cross ARM C Linker'
arm-none-eabi-gcc @"ADC.elf.in"
'Finished building target: ADC.elf'
' '
'Invoking: Cross ARM GNU Create Flash Image'
arm-none-eabi-objcopy -O srec "ADC.elf"  "ADC.srec"
'Invoking: Cross ARM GNU Print Size'
arm-none-eabi-size --format=berkeley "ADC.elf"
   text	   data	    bss	    dec	    hex	filename
  19572	    120	   8456	  28148	   6df4	ADC.elf
'Finished building: ADC.srec'
'Finished building: ADC.siz'
' '
' '
