15:52:43 **** Incremental Build of configuration Debug for project Perifericos_final ****
make -j8 all 
'Building file: ../src/hal_entry.c'
'Invoking: Cross ARM C Compiler'
C:\Renesas\Synergy\e2studio_v6.2.0_ssp_v1.4.0\eclipse\/../\Utilities\\/isdebuild arm-none-eabi-gcc -mcpu=cortex-m4 -mthumb -mfloat-abi=hard -mfpu=fpv4-sp-d16 -O2 -fmessage-length=0 -fsigned-char -ffunction-sections -fdata-sections -Wunused -Wuninitialized -Wall -Wextra -Wmissing-declarations -Wconversion -Wpointer-arith -Wshadow -Wlogical-op -Waggregate-return -Wfloat-equal  -g3 -D_RENESAS_SYNERGY_ -I"C:\Users\rmend\Desktop\Diplomado SW\4.2 Perifericos\Perifericos_final\synergy_cfg\ssp_cfg\bsp" -I"C:\Users\rmend\Desktop\Diplomado SW\4.2 Perifericos\Perifericos_final\synergy_cfg\ssp_cfg\driver" -I"C:\Users\rmend\Desktop\Diplomado SW\4.2 Perifericos\Perifericos_final\synergy\ssp\inc" -I"C:\Users\rmend\Desktop\Diplomado SW\4.2 Perifericos\Perifericos_final\synergy\ssp\inc\bsp" -I"C:\Users\rmend\Desktop\Diplomado SW\4.2 Perifericos\Perifericos_final\synergy\ssp\inc\bsp\cmsis\Include" -I"C:\Users\rmend\Desktop\Diplomado SW\4.2 Perifericos\Perifericos_final\synergy\ssp\inc\driver\api" -I"C:\Users\rmend\Desktop\Diplomado SW\4.2 Perifericos\Perifericos_final\synergy\ssp\inc\driver\instances" -I"C:\Users\rmend\Desktop\Diplomado SW\4.2 Perifericos\Perifericos_final\src" -I"C:\Users\rmend\Desktop\Diplomado SW\4.2 Perifericos\Perifericos_final\src\synergy_gen" -std=c99 -MMD -MP -MF"src/hal_entry.d" -MT"src/hal_entry.o" -c -o "src/hal_entry.o" -x c "../src/hal_entry.c"
../src/hal_entry.c: In function 'hal_entry':
../src/hal_entry.c:80:62: warning: passing argument 3 of 'g_adc0.p_api->read' from incompatible pointer type
         g_adc0.p_api->read(g_adc0.p_ctrl, ADC_REG_CHANNEL_0, &adcData);
                                                              ^
../src/hal_entry.c:80:62: note: expected 'uint16_t * const' but argument is of type 'int *'
../src/hal_entry.c:84:55: warning: conversion to 'timer_size_t' from 'int' may change the sign of the result [-Wsign-conversion]
         g_timer1.p_api->dutyCycleSet(g_timer1.p_ctrl, percentage, TIMER_PWM_UNIT_PERCENT, 1);
                                                       ^
'Finished building: ../src/hal_entry.c'
' '
'Building target: Perifericos_final.elf'
'Invoking: Cross ARM C Linker'
arm-none-eabi-gcc @"Perifericos_final.elf.in"
'Finished building target: Perifericos_final.elf'
' '
'Invoking: Cross ARM GNU Create Flash Image'
arm-none-eabi-objcopy -O srec "Perifericos_final.elf"  "Perifericos_final.srec"
'Invoking: Cross ARM GNU Print Size'
arm-none-eabi-size --format=berkeley "Perifericos_final.elf"
   text	   data	    bss	    dec	    hex	filename
  23556	    124	   8476	  32156	   7d9c	Perifericos_final.elf
'Finished building: Perifericos_final.srec'
'Finished building: Perifericos_final.siz'
' '
' '

15:52:47 Build Finished. 0 errors, 3 warnings. (took 3s.433ms)

